Archive member included to satisfy reference by file (symbol)

/usr/lib/gcc/arm-none-eabi/10.3.1/thumb/v6-m/nofp/libgcc.a(_dvmd_tls.o)
                              CMakeFiles/MM-FI.dir/home/cebron/pico-sdk/src/rp2_common/pico_divider/divider_hardware.S.obj (__aeabi_idiv0)
/usr/lib/gcc/arm-none-eabi/10.3.1/../../../arm-none-eabi/lib/thumb/v6-m/nofp/libg.a(lib_a-atexit.o)
                              /usr/lib/gcc/arm-none-eabi/10.3.1/../../../arm-none-eabi/lib/thumb/v6-m/nofp/crt0.o (atexit)
/usr/lib/gcc/arm-none-eabi/10.3.1/../../../arm-none-eabi/lib/thumb/v6-m/nofp/libg.a(lib_a-calloc.o)
                              CMakeFiles/MM-FI.dir/home/cebron/pico-sdk/src/rp2_common/pico_malloc/malloc.c.obj (calloc)
/usr/lib/gcc/arm-none-eabi/10.3.1/../../../arm-none-eabi/lib/thumb/v6-m/nofp/libg.a(lib_a-callocr.o)
                              /usr/lib/gcc/arm-none-eabi/10.3.1/../../../arm-none-eabi/lib/thumb/v6-m/nofp/libg.a(lib_a-calloc.o) (_calloc_r)
/usr/lib/gcc/arm-none-eabi/10.3.1/../../../arm-none-eabi/lib/thumb/v6-m/nofp/libg.a(lib_a-ctype_.o)
                              CMakeFiles/MM-FI.dir/home/cebron/pico-sdk/lib/tinyusb/src/tusb.c.obj (_ctype_)
/usr/lib/gcc/arm-none-eabi/10.3.1/../../../arm-none-eabi/lib/thumb/v6-m/nofp/libg.a(lib_a-fini.o)
                              /usr/lib/gcc/arm-none-eabi/10.3.1/../../../arm-none-eabi/lib/thumb/v6-m/nofp/crt0.o (__libc_fini_array)
/usr/lib/gcc/arm-none-eabi/10.3.1/../../../arm-none-eabi/lib/thumb/v6-m/nofp/libg.a(lib_a-impure.o)
                              /usr/lib/gcc/arm-none-eabi/10.3.1/../../../arm-none-eabi/lib/thumb/v6-m/nofp/libg.a(lib_a-calloc.o) (_impure_ptr)
/usr/lib/gcc/arm-none-eabi/10.3.1/../../../arm-none-eabi/lib/thumb/v6-m/nofp/libg.a(lib_a-init.o)
                              /usr/lib/gcc/arm-none-eabi/10.3.1/../../../arm-none-eabi/lib/thumb/v6-m/nofp/crt0.o (__libc_init_array)
/usr/lib/gcc/arm-none-eabi/10.3.1/../../../arm-none-eabi/lib/thumb/v6-m/nofp/libg.a(lib_a-lcltime_r.o)
                              CMakeFiles/MM-FI.dir/home/cebron/pico-sdk/src/common/pico_util/datetime.c.obj (localtime_r)
/usr/lib/gcc/arm-none-eabi/10.3.1/../../../arm-none-eabi/lib/thumb/v6-m/nofp/libg.a(lib_a-malloc.o)
                              CMakeFiles/MM-FI.dir/home/cebron/pico-sdk/src/rp2_common/pico_malloc/malloc.c.obj (malloc)
/usr/lib/gcc/arm-none-eabi/10.3.1/../../../arm-none-eabi/lib/thumb/v6-m/nofp/libg.a(lib_a-mallocr.o)
                              /usr/lib/gcc/arm-none-eabi/10.3.1/../../../arm-none-eabi/lib/thumb/v6-m/nofp/libg.a(lib_a-callocr.o) (_malloc_r)
/usr/lib/gcc/arm-none-eabi/10.3.1/../../../arm-none-eabi/lib/thumb/v6-m/nofp/libg.a(lib_a-memcmp.o)
                              CMakeFiles/MM-FI.dir/home/cebron/pico-sdk/src/rp2_common/pico_atomic/atomic.c.obj (memcmp)
/usr/lib/gcc/arm-none-eabi/10.3.1/../../../arm-none-eabi/lib/thumb/v6-m/nofp/libg.a(lib_a-mktime.o)
                              CMakeFiles/MM-FI.dir/home/cebron/pico-sdk/src/common/pico_util/datetime.c.obj (mktime)
/usr/lib/gcc/arm-none-eabi/10.3.1/../../../arm-none-eabi/lib/thumb/v6-m/nofp/libg.a(lib_a-mlock.o)
                              /usr/lib/gcc/arm-none-eabi/10.3.1/../../../arm-none-eabi/lib/thumb/v6-m/nofp/libg.a(lib_a-mallocr.o) (__malloc_lock)
/usr/lib/gcc/arm-none-eabi/10.3.1/../../../arm-none-eabi/lib/thumb/v6-m/nofp/libg.a(lib_a-month_lengths.o)
                              /usr/lib/gcc/arm-none-eabi/10.3.1/../../../arm-none-eabi/lib/thumb/v6-m/nofp/libg.a(lib_a-lcltime_r.o) (__month_lengths)
/usr/lib/gcc/arm-none-eabi/10.3.1/../../../arm-none-eabi/lib/thumb/v6-m/nofp/libg.a(lib_a-rand.o)
                              CMakeFiles/MM-FI.dir/MM-FI.c.obj (srand)
/usr/lib/gcc/arm-none-eabi/10.3.1/../../../arm-none-eabi/lib/thumb/v6-m/nofp/libg.a(lib_a-realloc.o)
                              CMakeFiles/MM-FI.dir/home/cebron/pico-sdk/src/rp2_common/pico_malloc/malloc.c.obj (realloc)
/usr/lib/gcc/arm-none-eabi/10.3.1/../../../arm-none-eabi/lib/thumb/v6-m/nofp/libg.a(lib_a-reallocr.o)
                              /usr/lib/gcc/arm-none-eabi/10.3.1/../../../arm-none-eabi/lib/thumb/v6-m/nofp/libg.a(lib_a-realloc.o) (_realloc_r)
/usr/lib/gcc/arm-none-eabi/10.3.1/../../../arm-none-eabi/lib/thumb/v6-m/nofp/libg.a(lib_a-sbrkr.o)
                              /usr/lib/gcc/arm-none-eabi/10.3.1/../../../arm-none-eabi/lib/thumb/v6-m/nofp/libg.a(lib_a-mallocr.o) (_sbrk_r)
/usr/lib/gcc/arm-none-eabi/10.3.1/../../../arm-none-eabi/lib/thumb/v6-m/nofp/libg.a(lib_a-strlen-stub.o)
                              CMakeFiles/MM-FI.dir/home/cebron/pico-sdk/src/rp2_common/pico_stdio/stdio.c.obj (strlen)
/usr/lib/gcc/arm-none-eabi/10.3.1/../../../arm-none-eabi/lib/thumb/v6-m/nofp/libg.a(lib_a-time.o)
                              CMakeFiles/MM-FI.dir/MM-FI.c.obj (time)
/usr/lib/gcc/arm-none-eabi/10.3.1/../../../arm-none-eabi/lib/thumb/v6-m/nofp/libg.a(lib_a-tzcalc_limits.o)
[...]
Memory Configuration

Name             Origin             Length             Attributes
FLASH            0x0000000010000000 0x0000000000200000 xr
RAM              0x0000000020000000 0x0000000000040000 xrw
SCRATCH_X        0x0000000020040000 0x0000000000001000 xrw
SCRATCH_Y        0x0000000020041000 0x0000000000001000 xrw
*default*        0x0000000000000000 0xffffffffffffffff

Linker script and memory map

LOAD /usr/lib/gcc/arm-none-eabi/10.3.1/thumb/v6-m/nofp/crti.o
LOAD /usr/lib/gcc/arm-none-eabi/10.3.1/thumb/v6-m/nofp/crtbegin.o
LOAD /usr/lib/gcc/arm-none-eabi/10.3.1/../../../arm-none-eabi/lib/thumb/v6-m/nofp/crt0.o

.flash_begin    0x0000000010000000        0x0
                0x0000000010000000                __flash_binary_start = .

.boot2          0x0000000010000000      0x100
                0x0000000010000000                __boot2_start__ = .
 *(.boot2)
 .boot2         0x0000000010000000      0x100 /tmp/cct66ZtA.o
                0x0000000010000100                __boot2_end__ = .
                0x0000000000000001                ASSERT (((__boot2_end__ - __boot2_start__) == 0x100), ERROR: Pico second stage bootloader must be 256 bytes in size)

.text           0x0000000010000100     0x70f4
                0x0000000010000100                __logical_binary_start = .
 *(.vectors)
 .vectors       0x0000000010000100       0xd4 CMakeFiles/MM-FI.dir/home/cebron/pico-sdk/src/rp2_common/pico_crt0/crt0.S.obj
                0x0000000010000100                __vectors
                0x0000000010000100                __VECTOR_TABLE
                0x00000000100001c0                isr_invalid
                0x00000000100001c0                __default_isrs_start
                0x00000000100001c2                isr_nmi
                0x00000000100001c4                isr_hardfault
                0x00000000100001c6                isr_svcall
                0x00000000100001c8                isr_pendsv
                0x00000000100001ca                isr_systick
                0x00000000100001cc                isr_irq30
                0x00000000100001cc                __unhandled_user_irq
                0x00000000100001cc                isr_irq13
                0x00000000100001cc                isr_irq27
                0x00000000100001cc                isr_irq31
                0x00000000100001cc                isr_irq5
                0x00000000100001cc                isr_irq11
                0x00000000100001cc                isr_irq23
                0x00000000100001cc                isr_irq18
                0x00000000100001cc                isr_irq28
                0x00000000100001cc                isr_irq19
                0x00000000100001cc                isr_irq0
                0x00000000100001cc                isr_irq6
                0x00000000100001cc                isr_irq22
                0x00000000100001cc                isr_irq17
                0x00000000100001cc                isr_irq14
                0x00000000100001cc                isr_irq2
                0x00000000100001cc                isr_irq10
                0x00000000100001cc                isr_irq8
                0x00000000100001cc                isr_irq24
                0x00000000100001cc                isr_irq1
                0x00000000100001cc                isr_irq7
                0x00000000100001cc                isr_irq21
                0x00000000100001cc                isr_irq20
                0x00000000100001cc                isr_irq15
                0x00000000100001cc                isr_irq25
                0x00000000100001cc                isr_irq4
                0x00000000100001cc                isr_irq16
                0x00000000100001cc                isr_irq29
                0x00000000100001cc                isr_irq26
                0x00000000100001cc                __default_isrs_end
                0x00000000100001cc                isr_irq3
                0x00000000100001cc                isr_irq12
                0x00000000100001cc                isr_irq9
                0x00000000100001d2                unhandled_user_irq_num_in_r0
 *(.binary_info_header)
 .binary_info_header
                0x00000000100001d4       0x14 CMakeFiles/MM-FI.dir/home/cebron/pico-sdk/src/rp2_common/pico_crt0/crt0.S.obj
                0x00000000100001e8                __binary_info_header_end = .
 *(.embedded_block)
                0x00000000100001e8                __embedded_block_end = .
 *(.reset)
 .reset         0x00000000100001e8       0x9c CMakeFiles/MM-FI.dir/home/cebron/pico-sdk/src/rp2_common/pico_crt0/crt0.S.obj
                0x00000000100001e8                _entry_point
 *(.init)
 .init          0x0000000010000284        0x4 /usr/lib/gcc/arm-none-eabi/10.3.1/thumb/v6-m/nofp/crti.o
                0x0000000010000284                _init
 *(EXCLUDE_FILE(*libm.a: *libc.a:*lib_a-mem*.o *libgcc.a:) .text*)
 .text          0x0000000010000288       0x98 /usr/lib/gcc/arm-none-eabi/10.3.1/thumb/v6-m/nofp/crtbegin.o
 .text.matrix_multiply
                0x0000000010000320       0x80 CMakeFiles/MM-FI.dir/MM-FI.c.obj
                0x0000000010000320                matrix_multiply
 .text.flip_random_bit_r1
                0x00000000100003a0       0x20 CMakeFiles/MM-FI.dir/MM-FI.c.obj
                0x00000000100003a0                flip_random_bit_r1
 .text.flip_random_bit_r2
                0x00000000100003c0       0x20 CMakeFiles/MM-FI.dir/MM-FI.c.obj
                0x00000000100003c0                flip_random_bit_r2
 .text.flip_random_bit_r3
                0x00000000100003e0       0x20 CMakeFiles/MM-FI.dir/MM-FI.c.obj
                0x00000000100003e0                flip_random_bit_r3
 .text.flip_random_bit_r4
                0x0000000010000400       0x20 CMakeFiles/MM-FI.dir/MM-FI.c.obj
                0x0000000010000400                flip_random_bit_r4
 .text.flip_random_bit_r5
                0x0000000010000420       0x20 CMakeFiles/MM-FI.dir/MM-FI.c.obj
                0x0000000010000420                flip_random_bit_r5
 .text.flip_random_bit_r6
                0x0000000010000440       0x20 CMakeFiles/MM-FI.dir/MM-FI.c.obj
                0x0000000010000440                flip_random_bit_r6
 .text.flip_random_bit_r7
                0x0000000010000460       0x20 CMakeFiles/MM-FI.dir/MM-FI.c.obj
                0x0000000010000460                flip_random_bit_r7
 .text.flip_random_bit_in_sp
                0x0000000010000480       0x1e CMakeFiles/MM-FI.dir/MM-FI.c.obj
                0x0000000010000480                flip_random_bit_in_sp
 *fill*         0x000000001000049e        0x2 
 .text.inject_SDC_fault
                0x00000000100004a0       0xdc CMakeFiles/MM-FI.dir/MM-FI.c.obj
                0x00000000100004a0                inject_SDC_fault
 .text.core1    0x000000001000057c       0x68 CMakeFiles/MM-FI.dir/MM-FI.c.obj
                0x000000001000057c                core1
 .text.main     0x00000000100005e4       0x80 CMakeFiles/MM-FI.dir/MM-FI.c.obj
                0x00000000100005e4                main
 .text.gpio_set_function
                0x0000000010000664       0x34 CMakeFiles/MM-FI.dir/home/cebron/pico-sdk/src/rp2_common/hardware_gpio/gpio.c.obj
                0x0000000010000664                gpio_set_function
 .text.rp2040_chip_version
                0x0000000010000698       0x4c CMakeFiles/MM-FI.dir/home/cebron/pico-sdk/src/rp2040/pico_platform/platform.c.obj
                0x0000000010000698                rp2040_chip_version
 .text.panic    0x00000000100006e4       0x30 CMakeFiles/MM-FI.dir/home/cebron/pico-sdk/src/rp2_common/pico_platform_panic/panic.c.obj
                0x00000000100006e4                panic
 .text.hw_claim_lock
                0x0000000010000714       0x18 CMakeFiles/MM-FI.dir/home/cebron/pico-sdk/src/common/hardware_claim/claim.c.obj
                0x0000000010000714                hw_claim_lock
 .text.hw_claim_unlock
                0x000000001000072c       0x14 CMakeFiles/MM-FI.dir/home/cebron/pico-sdk/src/common/hardware_claim/claim.c.obj
                0x000000001000072c                hw_claim_unlock
 .text.hw_claim_or_assert
                0x0000000010000740       0x32 CMakeFiles/MM-FI.dir/home/cebron/pico-sdk/src/common/hardware_claim/claim.c.obj
                0x0000000010000740                hw_claim_or_assert
 .text.hw_claim_unused_from_range
                0x0000000010000772       0x50 CMakeFiles/MM-FI.dir/home/cebron/pico-sdk/src/common/hardware_claim/claim.c.obj
                0x0000000010000772                hw_claim_unused_from_range
 *fill*         0x00000000100007c2        0x2 
 .text.next_striped_spin_lock_num
                0x00000000100007c4       0x1c CMakeFiles/MM-FI.dir/home/cebron/pico-sdk/src/rp2_common/hardware_sync/sync.c.obj
                0x00000000100007c4                next_striped_spin_lock_num
 .text.spin_lock_claim_unused
                0x00000000100007e0       0x20 CMakeFiles/MM-FI.dir/home/cebron/pico-sdk/src/rp2_common/hardware_sync/sync.c.obj
                0x00000000100007e0                spin_lock_claim_unused
 .text.spin_locks_reset
                0x0000000010000800       0x20 CMakeFiles/MM-FI.dir/home/cebron/pico-sdk/src/rp2_common/hardware_sync_spin_lock/sync_spin_lock.c.obj
                0x0000000010000800                spin_locks_reset
 .text.set_raw_irq_handler_and_unlock
                0x0000000010000820       0x28 CMakeFiles/MM-FI.dir/home/cebron/pico-sdk/src/rp2_common/hardware_irq/irq.c.obj
 .text.nvic_ipr0
                0x0000000010000848        0x8 CMakeFiles/MM-FI.dir/home/cebron/pico-sdk/src/rp2_common/hardware_irq/irq.c.obj
 .text.runtime_init_per_core_irq_priorities
                0x0000000010000850       0x1c CMakeFiles/MM-FI.dir/home/cebron/pico-sdk/src/rp2_common/hardware_irq/irq.c.obj
                0x0000000010000850                runtime_init_per_core_irq_priorities
 .text.make_j_16
                0x000000001000086c       0x4c CMakeFiles/MM-FI.dir/home/cebron/pico-sdk/src/rp2_common/hardware_irq/irq.c.obj
 .text.insert_bl_32
                0x00000000100008b8       0x40 CMakeFiles/MM-FI.dir/home/cebron/pico-sdk/src/rp2_common/hardware_irq/irq.c.obj
 .text.irq_is_enabled
                0x00000000100008f8       0x18 CMakeFiles/MM-FI.dir/home/cebron/pico-sdk/src/rp2_common/hardware_irq/irq.c.obj
                0x00000000100008f8                irq_is_enabled
 .text.irq_set_mask_n_enabled
                0x0000000010000910       0x1c CMakeFiles/MM-FI.dir/home/cebron/pico-sdk/src/rp2_common/hardware_irq/irq.c.obj
                0x0000000010000910                irq_set_mask_n_enabled
 .text.irq_set_enabled
                0x000000001000092c       0x14 CMakeFiles/MM-FI.dir/home/cebron/pico-sdk/src/rp2_common/hardware_irq/irq.c.obj
                0x000000001000092c                irq_set_enabled
 .text.irq_set_pending
                0x0000000010000940       0x10 CMakeFiles/MM-FI.dir/home/cebron/pico-sdk/src/rp2_common/hardware_irq/irq.c.obj
                0x0000000010000940                irq_set_pending
 .text.irq_get_vtable_handler
                0x0000000010000950       0x10 CMakeFiles/MM-FI.dir/home/cebron/pico-sdk/src/rp2_common/hardware_irq/irq.c.obj
                0x0000000010000950                irq_get_vtable_handler
 .text.irq_has_shared_handler
                0x0000000010000960       0x24 CMakeFiles/MM-FI.dir/home/cebron/pico-sdk/src/rp2_common/hardware_irq/irq.c.obj
                0x0000000010000960                irq_has_shared_handler
 .text.irq_set_exclusive_handler
                0x0000000010000984       0x54 CMakeFiles/MM-FI.dir/home/cebron/pico-sdk/src/rp2_common/hardware_irq/irq.c.obj
                0x0000000010000984                irq_set_exclusive_handler
 .text.irq_add_shared_handler
                0x00000000100009d8      0x238 CMakeFiles/MM-FI.dir/home/cebron/pico-sdk/src/rp2_common/hardware_irq/irq.c.obj
                0x00000000100009d8                irq_add_shared_handler
 .text.irq_remove_handler
                0x0000000010000c10      0x1b0 CMakeFiles/MM-FI.dir/home/cebron/pico-sdk/src/rp2_common/hardware_irq/irq.c.obj
                0x0000000010000c10                irq_remove_handler
 .text.irq_add_tail_to_free_list
                0x0000000010000dc0       0xf4 CMakeFiles/MM-FI.dir/home/cebron/pico-sdk/src/rp2_common/hardware_irq/irq.c.obj
                0x0000000010000dc0                irq_add_tail_to_free_list
 .text.user_irq_claim_unused
                0x0000000010000eb4       0x28 CMakeFiles/MM-FI.dir/home/cebron/pico-sdk/src/rp2_common/hardware_irq/irq.c.obj
                0x0000000010000eb4                user_irq_claim_unused
 .text.lock_init
                0x0000000010000edc       0x10 CMakeFiles/MM-FI.dir/home/cebron/pico-sdk/src/common/pico_sync/lock_core.c.obj
                0x0000000010000edc                lock_init
 .text.mutex_init
                0x0000000010000eec       0x1a CMakeFiles/MM-FI.dir/home/cebron/pico-sdk/src/common/pico_sync/mutex.c.obj
                0x0000000010000eec                mutex_init
 .text.recursive_mutex_init
                0x0000000010000f06       0x1e CMakeFiles/MM-FI.dir/home/cebron/pico-sdk/src/common/pico_sync/mutex.c.obj
                0x0000000010000f06                recursive_mutex_init
 .text.runtime_init_mutex
                0x0000000010000f24       0x4c CMakeFiles/MM-FI.dir/home/cebron/pico-sdk/src/common/pico_sync/mutex.c.obj
                0x0000000010000f24                runtime_init_mutex
 .text.critical_section_init_with_lock_num
                0x0000000010000f70       0x14 CMakeFiles/MM-FI.dir/home/cebron/pico-sdk/src/common/pico_sync/critical_section.c.obj
                0x0000000010000f70                critical_section_init_with_lock_num
 .text.critical_section_init
                0x0000000010000f84       0x14 CMakeFiles/MM-FI.dir/home/cebron/pico-sdk/src/common/pico_sync/critical_section.c.obj
                0x0000000010000f84                critical_section_init
 .text.make_alarm_id
                0x0000000010000f98        0x6 CMakeFiles/MM-FI.dir/home/cebron/pico-sdk/src/common/pico_time/time.c.obj
 *fill*         0x0000000010000f9e        0x2 
 .text.sleep_until_callback
                0x0000000010000fa0       0x30 CMakeFiles/MM-FI.dir/home/cebron/pico-sdk/src/common/pico_time/time.c.obj
 .text.alarm_pool_irq_handler
                0x0000000010000fd0      0x2e4 CMakeFiles/MM-FI.dir/home/cebron/pico-sdk/src/common/pico_time/time.c.obj
 .text.alarm_pool_post_alloc_init
                0x00000000100012b4       0x94 CMakeFiles/MM-FI.dir/home/cebron/pico-sdk/src/common/pico_time/time.c.obj
 .text.alarm_pool_get_default
                0x0000000010001348       0x2c CMakeFiles/MM-FI.dir/home/cebron/pico-sdk/src/common/pico_time/time.c.obj
                0x0000000010001348                alarm_pool_get_default
 .text.alarm_pool_add_alarm_at_force_in_context
                0x0000000010001374       0xb0 CMakeFiles/MM-FI.dir/home/cebron/pico-sdk/src/common/pico_time/time.c.obj
                0x0000000010001374                alarm_pool_add_alarm_at_force_in_context
 .text.alarm_pool_add_alarm_at
                0x0000000010001424       0x3c CMakeFiles/MM-FI.dir/home/cebron/pico-sdk/src/common/pico_time/time.c.obj
                0x0000000010001424                alarm_pool_add_alarm_at
 .text.alarm_pool_cancel_alarm
                0x0000000010001460       0x78 CMakeFiles/MM-FI.dir/home/cebron/pico-sdk/src/common/pico_time/time.c.obj
                0x0000000010001460                alarm_pool_cancel_alarm
 .text.alarm_pool_core_num
                0x00000000100014d8        0x4 CMakeFiles/MM-FI.dir/home/cebron/pico-sdk/src/common/pico_time/time.c.obj
                0x00000000100014d8                alarm_pool_core_num
 .text.sleep_until
                0x00000000100014dc       0xc8 CMakeFiles/MM-FI.dir/home/cebron/pico-sdk/src/common/pico_time/time.c.obj
                0x00000000100014dc                sleep_until
 .text.sleep_us
                0x00000000100015a4       0x24 CMakeFiles/MM-FI.dir/home/cebron/pico-sdk/src/common/pico_time/time.c.obj
                0x00000000100015a4                sleep_us
 .text.sleep_ms
                0x00000000100015c8       0x14 CMakeFiles/MM-FI.dir/home/cebron/pico-sdk/src/common/pico_time/time.c.obj
                0x00000000100015c8                sleep_ms
 .text.best_effort_wfe_or_timeout
                0x00000000100015dc       0xd8 CMakeFiles/MM-FI.dir/home/cebron/pico-sdk/src/common/pico_time/time.c.obj
                0x00000000100015dc                best_effort_wfe_or_timeout
 .text.alarm_pool_get_default_timer
                0x00000000100016b4        0x8 CMakeFiles/MM-FI.dir/home/cebron/pico-sdk/src/common/pico_time/time.c.obj
                0x00000000100016b4                alarm_pool_get_default_timer
 .text.runtime_init_default_alarm_pool
                0x00000000100016bc       0x38 CMakeFiles/MM-FI.dir/home/cebron/pico-sdk/src/common/pico_time/time.c.obj
                0x00000000100016bc                runtime_init_default_alarm_pool
 .text.timer_hardware_alarm_claim
                0x00000000100016f4       0x14 CMakeFiles/MM-FI.dir/home/cebron/pico-sdk/src/rp2_common/hardware_timer/timer.c.obj
                0x00000000100016f4                timer_hardware_alarm_claim
 .text.timer_time_us_64
                0x0000000010001708       0x10 CMakeFiles/MM-FI.dir/home/cebron/pico-sdk/src/rp2_common/hardware_timer/timer.c.obj
                0x0000000010001708                timer_time_us_64
 .text.timer_busy_wait_until
                0x0000000010001718       0x1a CMakeFiles/MM-FI.dir/home/cebron/pico-sdk/src/rp2_common/hardware_timer/timer.c.obj
                0x0000000010001718                timer_busy_wait_until
 .text.timer_busy_wait_us
                0x0000000010001732       0x38 CMakeFiles/MM-FI.dir/home/cebron/pico-sdk/src/rp2_common/hardware_timer/timer.c.obj
                0x0000000010001732                timer_busy_wait_us
 *fill*         0x000000001000176a        0x2 
 .text.time_us_64
                0x000000001000176c       0x10 CMakeFiles/MM-FI.dir/home/cebron/pico-sdk/src/rp2_common/hardware_timer/timer.c.obj
                0x000000001000176c                time_us_64
 .text.busy_wait_us
                0x000000001000177c       0x14 CMakeFiles/MM-FI.dir/home/cebron/pico-sdk/src/rp2_common/hardware_timer/timer.c.obj
                0x000000001000177c                busy_wait_us
 .text.busy_wait_until
                0x0000000010001790       0x14 CMakeFiles/MM-FI.dir/home/cebron/pico-sdk/src/rp2_common/hardware_timer/timer.c.obj
                0x0000000010001790                busy_wait_until
 .text.uart_disable_before_lcr_write
                0x00000000100017a4       0x48 CMakeFiles/MM-FI.dir/home/cebron/pico-sdk/src/rp2_common/hardware_uart/uart.c.obj
 .text.uart_write_lcr_bits_masked
                0x00000000100017ec       0x20 CMakeFiles/MM-FI.dir/home/cebron/pico-sdk/src/rp2_common/hardware_uart/uart.c.obj
 .text.uart_set_baudrate
                0x000000001000180c       0x5c CMakeFiles/MM-FI.dir/home/cebron/pico-sdk/src/rp2_common/hardware_uart/uart.c.obj
                0x000000001000180c                uart_set_baudrate
 .text.uart_set_translate_crlf
                0x0000000010001868       0x28 CMakeFiles/MM-FI.dir/home/cebron/pico-sdk/src/rp2_common/hardware_uart/uart.c.obj
                0x0000000010001868                uart_set_translate_crlf
 .text.uart_init
                0x0000000010001890       0x84 CMakeFiles/MM-FI.dir/home/cebron/pico-sdk/src/rp2_common/hardware_uart/uart.c.obj
                0x0000000010001890                uart_init
 .text.clock_configure_internal
                0x0000000010001914       0xc4 CMakeFiles/MM-FI.dir/home/cebron/pico-sdk/src/rp2_common/hardware_clocks/clocks.c.obj
 .text.clock_configure_int_divider
                0x00000000100019d8       0x28 CMakeFiles/MM-FI.dir/home/cebron/pico-sdk/src/rp2_common/hardware_clocks/clocks.c.obj
                0x00000000100019d8                clock_configure_int_divider
 .text.clock_configure_undivided
                0x0000000010001a00       0x12 CMakeFiles/MM-FI.dir/home/cebron/pico-sdk/src/rp2_common/hardware_clocks/clocks.c.obj
                0x0000000010001a00                clock_configure_undivided
 *fill*         0x0000000010001a12        0x2 
 .text.clock_get_hz
                0x0000000010001a14        0xc CMakeFiles/MM-FI.dir/home/cebron/pico-sdk/src/rp2_common/hardware_clocks/clocks.c.obj
                0x0000000010001a14                clock_get_hz
 .text.pll_init
                0x0000000010001a20      0x120 CMakeFiles/MM-FI.dir/home/cebron/pico-sdk/src/rp2_common/hardware_pll/pll.c.obj
                0x0000000010001a20                pll_init
 .text.watchdog_update
                0x0000000010001b40       0x14 CMakeFiles/MM-FI.dir/home/cebron/pico-sdk/src/rp2_common/hardware_watchdog/watchdog.c.obj
                0x0000000010001b40                watchdog_update
 .text._watchdog_enable
                0x0000000010001b54       0x7c CMakeFiles/MM-FI.dir/home/cebron/pico-sdk/src/rp2_common/hardware_watchdog/watchdog.c.obj
                0x0000000010001b54                _watchdog_enable
 .text.watchdog_reboot
                0x0000000010001bd0       0x48 CMakeFiles/MM-FI.dir/home/cebron/pico-sdk/src/rp2_common/hardware_watchdog/watchdog.c.obj
                0x0000000010001bd0                watchdog_reboot
 .text.tick_start
                0x0000000010001c18       0x10 CMakeFiles/MM-FI.dir/home/cebron/pico-sdk/src/rp2_common/hardware_ticks/ticks.c.obj
                0x0000000010001c18                tick_start
 .text.xosc_init
                0x0000000010001c28       0x28 CMakeFiles/MM-FI.dir/home/cebron/pico-sdk/src/rp2_common/hardware_xosc/xosc.c.obj
                0x0000000010001c28                xosc_init
 .text.runtime_run_initializers_from
                0x0000000010001c50       0x18 CMakeFiles/MM-FI.dir/home/cebron/pico-sdk/src/rp2_common/pico_runtime/runtime.c.obj
 .text.first_per_core_initializer
                0x0000000010001c68        0x2 CMakeFiles/MM-FI.dir/home/cebron/pico-sdk/src/rp2_common/pico_runtime/runtime.c.obj
 *fill*         0x0000000010001c6a        0x2 
 .text.runtime_run_initializers
                0x0000000010001c6c       0x10 CMakeFiles/MM-FI.dir/home/cebron/pico-sdk/src/rp2_common/pico_runtime/runtime.c.obj
                0x0000000010001c6c                runtime_run_initializers
 .text.runtime_run_per_core_initializers
                0x0000000010001c7c       0x10 CMakeFiles/MM-FI.dir/home/cebron/pico-sdk/src/rp2_common/pico_runtime/runtime.c.obj
                0x0000000010001c7c                runtime_run_per_core_initializers
 .text.runtime_init_early_resets
                0x0000000010001c8c       0x2c CMakeFiles/MM-FI.dir/home/cebron/pico-sdk/src/rp2_common/pico_runtime_init/runtime_init.c.obj
                0x0000000010001c8c                runtime_init_early_resets
 .text.runtime_init_usb_power_down
                0x0000000010001cb8       0x1c CMakeFiles/MM-FI.dir/home/cebron/pico-sdk/src/rp2_common/pico_runtime_init/runtime_init.c.obj
                0x0000000010001cb8                runtime_init_usb_power_down
 .text.runtime_init_post_clock_resets
                0x0000000010001cd4       0x20 CMakeFiles/MM-FI.dir/home/cebron/pico-sdk/src/rp2_common/pico_runtime_init/runtime_init.c.obj
                0x0000000010001cd4                runtime_init_post_clock_resets
 .text.runtime_init_rp2040_gpio_ie_disable
                0x0000000010001cf4       0x14 CMakeFiles/MM-FI.dir/home/cebron/pico-sdk/src/rp2_common/pico_runtime_init/runtime_init.c.obj
                0x0000000010001cf4                runtime_init_rp2040_gpio_ie_disable
 .text.runtime_init_spin_locks_reset
                0x0000000010001d08        0x8 CMakeFiles/MM-FI.dir/home/cebron/pico-sdk/src/rp2_common/pico_runtime_init/runtime_init.c.obj
                0x0000000010001d08                runtime_init_spin_locks_reset
 .text.runtime_init_install_ram_vector_table
                0x0000000010001d10       0x1c CMakeFiles/MM-FI.dir/home/cebron/pico-sdk/src/rp2_common/pico_runtime_init/runtime_init.c.obj
                0x0000000010001d10                runtime_init_install_ram_vector_table
 .text.start_all_ticks
                0x0000000010001d2c       0x28 CMakeFiles/MM-FI.dir/home/cebron/pico-sdk/src/rp2_common/pico_runtime_init/runtime_init_clocks.c.obj
 .text.runtime_init_clocks
                0x0000000010001d54       0xcc CMakeFiles/MM-FI.dir/home/cebron/pico-sdk/src/rp2_common/pico_runtime_init/runtime_init_clocks.c.obj
                0x0000000010001d54                runtime_init_clocks
 .text          0x0000000010001e20       0x10 CMakeFiles/MM-FI.dir/home/cebron/pico-sdk/src/rp2_common/pico_bit_ops/bit_ops_aeabi.S.obj
 .text.rom_func_lookup
                0x0000000010001e30       0x10 CMakeFiles/MM-FI.dir/home/cebron/pico-sdk/src/rp2_common/pico_bootrom/bootrom.c.obj
                0x0000000010001e30                rom_func_lookup
 .text.rom_data_lookup
                0x0000000010001e40       0x10 CMakeFiles/MM-FI.dir/home/cebron/pico-sdk/src/rp2_common/pico_bootrom/bootrom.c.obj
                0x0000000010001e40                rom_data_lookup
 .text.rom_funcs_lookup
                0x0000000010001e50       0x36 CMakeFiles/MM-FI.dir/home/cebron/pico-sdk/src/rp2_common/pico_bootrom/bootrom.c.obj
                0x0000000010001e50                rom_funcs_lookup
 *fill*         0x0000000010001e86        0x2 
 .text.rom_reset_usb_boot
                0x0000000010001e88       0x18 CMakeFiles/MM-FI.dir/home/cebron/pico-sdk/src/rp2_common/pico_bootrom/bootrom.c.obj
                0x0000000010001e88                rom_reset_usb_boot
 .text.__wrap___aeabi_idiv
                0x0000000010001ea0       0x50 CMakeFiles/MM-FI.dir/home/cebron/pico-sdk/src/rp2_common/pico_divider/divider_hardware.S.obj
                0x0000000010001ea0                __wrap___aeabi_idivmod
                0x0000000010001ea0                divmod_s32s32
                0x0000000010001ea0                div_s32s32
                0x0000000010001ea0                __wrap___aeabi_idiv
                0x0000000010001ea8                divmod_s32s32_unsafe
                0x0000000010001ed4                divmod_s32s32_savestate
 .text.__wrap___aeabi_uidiv
                0x0000000010001ef0       0x4c CMakeFiles/MM-FI.dir/home/cebron/pico-sdk/src/rp2_common/pico_divider/divider_hardware.S.obj
                0x0000000010001ef0                __wrap___aeabi_uidiv
                0x0000000010001ef0                __wrap___aeabi_uidivmod
                0x0000000010001ef0                div_u32u32
                0x0000000010001ef0                divmod_u32u32
                0x0000000010001ef8                divmod_u32u32_unsafe
                0x0000000010001f20                divmod_u32u32_savestate
 .text.__wrap___aeabi_ldiv
                0x0000000010001f3c      0x424 CMakeFiles/MM-FI.dir/home/cebron/pico-sdk/src/rp2_common/pico_divider/divider_hardware.S.obj
                0x0000000010001f3c                div_s64s64
                0x0000000010001f3c                divmod_s64s64
                0x0000000010001f3c                __wrap___aeabi_ldivmod
                0x0000000010001f6c                div_u64u64
                0x0000000010001f6c                divmod_u64u64
                0x0000000010001f6c                __wrap___aeabi_uldivmod
                0x0000000010001f7c                divmod_u64u64_savestate
                0x0000000010001f9c                divmod_s64s64_unsafe
                0x0000000010002024                divmod_u64u64_unsafe
 .text.__wrap___aeabi_darithmetic
                0x0000000010002360       0x80 CMakeFiles/MM-FI.dir/home/cebron/pico-sdk/src/rp2_common/pico_double/double_aeabi_rp2040.S.obj
                0x0000000010002360                __wrap___aeabi_drsub
                0x0000000010002366                __wrap___aeabi_dsub
                0x0000000010002378                __wrap___aeabi_dadd
                0x000000001000238a                __wrap___aeabi_ddiv
                0x00000000100023c6                __wrap___aeabi_dmul
 .text.__wrap___aeabi_cdcmple
                0x00000000100023e0       0x6c CMakeFiles/MM-FI.dir/home/cebron/pico-sdk/src/rp2_common/pico_double/double_aeabi_rp2040.S.obj
                0x00000000100023e0                __wrap___aeabi_cdrcmple
                0x00000000100023f0                __wrap___aeabi_cdcmple
                0x00000000100023f0                __wrap___aeabi_cdcmpeq
 .text.__wrap___aeabi_dcmplt
                0x000000001000244c        0xc CMakeFiles/MM-FI.dir/home/cebron/pico-sdk/src/rp2_common/pico_double/double_aeabi_rp2040.S.obj
                0x000000001000244c                __wrap___aeabi_dcmplt
 .text.__wrap___aeabi_dcmple
                0x0000000010002458       0x10 CMakeFiles/MM-FI.dir/home/cebron/pico-sdk/src/rp2_common/pico_double/double_aeabi_rp2040.S.obj
                0x0000000010002458                __wrap___aeabi_dcmple
 .text.__wrap___aeabi_dcmpge
                0x0000000010002468       0x10 CMakeFiles/MM-FI.dir/home/cebron/pico-sdk/src/rp2_common/pico_double/double_aeabi_rp2040.S.obj
                0x0000000010002468                __wrap___aeabi_dcmpge
 .text.__wrap___aeabi_dcmpgt
                0x0000000010002478        0xa CMakeFiles/MM-FI.dir/home/cebron/pico-sdk/src/rp2_common/pico_double/double_aeabi_rp2040.S.obj
                0x0000000010002478                __wrap___aeabi_dcmpgt
 .text.__wrap___aeabi_dcmpun
                0x0000000010002482       0x18 CMakeFiles/MM-FI.dir/home/cebron/pico-sdk/src/rp2_common/pico_double/double_aeabi_rp2040.S.obj
                0x0000000010002482                __wrap___aeabi_dcmpun
 *fill*         0x000000001000249a        0x2 
 .text.__wrap___aeabi_i2d
                0x000000001000249c       0x38 CMakeFiles/MM-FI.dir/home/cebron/pico-sdk/src/rp2_common/pico_double/double_aeabi_rp2040.S.obj
                0x000000001000249c                __wrap___aeabi_ui2d
                0x00000000100024a4                __wrap___aeabi_i2d
 .text.__wrap___aeabi_d2iz
                0x00000000100024d4       0x48 CMakeFiles/MM-FI.dir/home/cebron/pico-sdk/src/rp2_common/pico_double/double_aeabi_rp2040.S.obj
                0x00000000100024d4                __wrap___aeabi_d2iz
                0x00000000100024d4                double2int_z
 .text.__wrap___aeabi_d2uiz
                0x000000001000251c       0x18 CMakeFiles/MM-FI.dir/home/cebron/pico-sdk/src/rp2_common/pico_double/double_aeabi_rp2040.S.obj
                0x000000001000251c                double2uint
                0x000000001000251c                __wrap___aeabi_d2uiz
 .text.__aeabi_double_init
                0x0000000010002534       0xc8 CMakeFiles/MM-FI.dir/home/cebron/pico-sdk/src/rp2_common/pico_double/double_init_rom_rp2040.c.obj
                0x0000000010002534                __aeabi_double_init
 .text.double_table_shim_on_use_helper
                0x00000000100025fc       0x34 CMakeFiles/MM-FI.dir/home/cebron/pico-sdk/src/rp2_common/pico_double/double_v1_rom_shim_rp2040.S.obj
                0x00000000100025fc                double_table_shim_on_use_helper
 .text.__wrap___aeabi_dsub
                0x0000000010002630       0x10 CMakeFiles/MM-FI.dir/home/cebron/pico-sdk/src/rp2_common/pico_double/double_v1_rom_shim_rp2040.S.obj
                0x0000000010002630                drsub_shim
                0x0000000010002636                dsub_shim
 .text.dadd_shim
                0x0000000010002640      0x15c CMakeFiles/MM-FI.dir/home/cebron/pico-sdk/src/rp2_common/pico_double/double_v1_rom_shim_rp2040.S.obj
                0x0000000010002640                dadd_shim
 .text.dmul_shim
                0x000000001000279c      0x15c CMakeFiles/MM-FI.dir/home/cebron/pico-sdk/src/rp2_common/pico_double/double_v1_rom_shim_rp2040.S.obj
                0x000000001000279c                dmul_shim
 .text.ddiv_shim
                0x00000000100028f8      0x1b0 CMakeFiles/MM-FI.dir/home/cebron/pico-sdk/src/rp2_common/pico_double/double_v1_rom_shim_rp2040.S.obj
                0x00000000100028f8                ddiv_shim
 .text.double2uint_shim
                0x0000000010002aa8        0xe CMakeFiles/MM-FI.dir/home/cebron/pico-sdk/src/rp2_common/pico_double/double_v1_rom_shim_rp2040.S.obj
                0x0000000010002aa8                double2uint_shim
                0x0000000010002aaa                double2ufix_shim
 *fill*         0x0000000010002ab6        0x2 
 .text.double2uint64_shim
                0x0000000010002ab8       0x70 CMakeFiles/MM-FI.dir/home/cebron/pico-sdk/src/rp2_common/pico_double/double_v1_rom_shim_rp2040.S.obj
                0x0000000010002ab8                double2uint64_shim
                0x0000000010002aba                double2ufix64_shim
                0x0000000010002ada                d2fix_a
 .text.dunpacks
                0x0000000010002b28       0x3c CMakeFiles/MM-FI.dir/home/cebron/pico-sdk/src/rp2_common/pico_double/double_v1_rom_shim_rp2040.S.obj
                0x0000000010002b28                dunpacks
 .text.__aeabi_lmul
                0x0000000010002b64       0x32 CMakeFiles/MM-FI.dir/home/cebron/pico-sdk/src/rp2_common/pico_int64_ops/pico_int64_ops_aeabi.S.obj
                0x0000000010002b64                __wrap___aeabi_lmul
 *fill*         0x0000000010002b96        0x2 
 .text.__aeabi_float_init
                0x0000000010002b98       0xfc CMakeFiles/MM-FI.dir/home/cebron/pico-sdk/src/rp2_common/pico_float/float_init_rom_rp2040.c.obj
                0x0000000010002b98                __aeabi_float_init
 .text.float_table_shim_on_use_helper
                0x0000000010002c94       0x34 CMakeFiles/MM-FI.dir/home/cebron/pico-sdk/src/rp2_common/pico_float/float_v1_rom_shim_rp2040.S.obj
                0x0000000010002c94                float_table_shim_on_use_helper
 .text          0x0000000010002cc8       0x10 CMakeFiles/MM-FI.dir/home/cebron/pico-sdk/src/rp2_common/pico_mem_ops/mem_ops_aeabi.S.obj
                0x0000000010002cc8                __aeabi_mem_init
 .text.memset   0x0000000010002cd8        0xc CMakeFiles/MM-FI.dir/home/cebron/pico-sdk/src/rp2_common/pico_mem_ops/mem_ops_aeabi.S.obj
                0x0000000010002cd8                __wrap_memset
 .text.memcpy   0x0000000010002ce4        0xc CMakeFiles/MM-FI.dir/home/cebron/pico-sdk/src/rp2_common/pico_mem_ops/mem_ops_aeabi.S.obj
                0x0000000010002ce4                __wrap___aeabi_memcpy
                0x0000000010002ce4                __wrap_memcpy
 .text._out_null
                0x0000000010002cf0        0x2 CMakeFiles/MM-FI.dir/home/cebron/pico-sdk/src/rp2_common/pico_printf/printf.c.obj
 .text._out_fct
                0x0000000010002cf2        0xe CMakeFiles/MM-FI.dir/home/cebron/pico-sdk/src/rp2_common/pico_printf/printf.c.obj
 .text._atoi    0x0000000010002d00       0x24 CMakeFiles/MM-FI.dir/home/cebron/pico-sdk/src/rp2_common/pico_printf/printf.c.obj
 .text._out_rev
                0x0000000010002d24       0xae CMakeFiles/MM-FI.dir/home/cebron/pico-sdk/src/rp2_common/pico_printf/printf.c.obj
 .text._ntoa_format
                0x0000000010002dd2      0x112 CMakeFiles/MM-FI.dir/home/cebron/pico-sdk/src/rp2_common/pico_printf/printf.c.obj
 .text._ntoa_long
                0x0000000010002ee4       0xbc CMakeFiles/MM-FI.dir/home/cebron/pico-sdk/src/rp2_common/pico_printf/printf.c.obj
 .text._ntoa_long_long
                0x0000000010002fa0       0xe2 CMakeFiles/MM-FI.dir/home/cebron/pico-sdk/src/rp2_common/pico_printf/printf.c.obj
 *fill*         0x0000000010003082        0x2 
 .text._etoa    0x0000000010003084      0x414 CMakeFiles/MM-FI.dir/home/cebron/pico-sdk/src/rp2_common/pico_printf/printf.c.obj
 .text._ftoa    0x0000000010003498      0x354 CMakeFiles/MM-FI.dir/home/cebron/pico-sdk/src/rp2_common/pico_printf/printf.c.obj
 .text._vsnprintf
                0x00000000100037ec      0x624 CMakeFiles/MM-FI.dir/home/cebron/pico-sdk/src/rp2_common/pico_printf/printf.c.obj
 .text.vfctprintf
                0x0000000010003e10       0x20 CMakeFiles/MM-FI.dir/home/cebron/pico-sdk/src/rp2_common/pico_printf/printf.c.obj
                0x0000000010003e10                vfctprintf
 .text._exit    0x0000000010003e30        0x4 CMakeFiles/MM-FI.dir/home/cebron/pico-sdk/src/rp2_common/pico_clib_interface/newlib_interface.c.obj
                0x0000000010003e30                _exit
 .text._gettimeofday
                0x0000000010003e34       0x40 CMakeFiles/MM-FI.dir/home/cebron/pico-sdk/src/rp2_common/pico_clib_interface/newlib_interface.c.obj
                0x0000000010003e34                _gettimeofday
 .text.exit     0x0000000010003e74        0x6 CMakeFiles/MM-FI.dir/home/cebron/pico-sdk/src/rp2_common/pico_clib_interface/newlib_interface.c.obj
                0x0000000010003e74                exit
 *fill*         0x0000000010003e7a        0x2 
 .text.__assert_func
                0x0000000010003e7c       0x3c CMakeFiles/MM-FI.dir/home/cebron/pico-sdk/src/rp2_common/pico_clib_interface/newlib_interface.c.obj
                0x0000000010003e7c                __assert_func
 .text.runtime_init
                0x0000000010003eb8       0x28 CMakeFiles/MM-FI.dir/home/cebron/pico-sdk/src/rp2_common/pico_clib_interface/newlib_interface.c.obj
                0x0000000010003eb8                runtime_init
 .text.stdio_out_chars_no_crlf
                0x0000000010003ee0        0xe CMakeFiles/MM-FI.dir/home/cebron/pico-sdk/src/rp2_common/pico_stdio/stdio.c.obj
 *fill*         0x0000000010003eee        0x2 
 .text.stdio_out_chars_crlf
                0x0000000010003ef0       0x80 CMakeFiles/MM-FI.dir/home/cebron/pico-sdk/src/rp2_common/pico_stdio/stdio.c.obj
 .text.stdio_stack_buffer_flush
                0x0000000010003f70       0x44 CMakeFiles/MM-FI.dir/home/cebron/pico-sdk/src/rp2_common/pico_stdio/stdio.c.obj
 .text.stdio_buffered_printer
                0x0000000010003fb4       0x20 CMakeFiles/MM-FI.dir/home/cebron/pico-sdk/src/rp2_common/pico_stdio/stdio.c.obj
 .text.stdout_serialize_begin
                0x0000000010003fd4       0x30 CMakeFiles/MM-FI.dir/home/cebron/pico-sdk/src/rp2_common/pico_stdio/stdio.c.obj
                0x0000000010003fd4                stdout_serialize_begin
 .text.stdout_serialize_end
                0x0000000010004004       0x10 CMakeFiles/MM-FI.dir/home/cebron/pico-sdk/src/rp2_common/pico_stdio/stdio.c.obj
                0x0000000010004004                stdout_serialize_end
 .text.stdio_put_string
                0x0000000010004014       0x94 CMakeFiles/MM-FI.dir/home/cebron/pico-sdk/src/rp2_common/pico_stdio/stdio.c.obj
                0x0000000010004014                stdio_put_string
 .text.stdio_set_driver_enabled
                0x00000000100040a8       0x2c CMakeFiles/MM-FI.dir/home/cebron/pico-sdk/src/rp2_common/pico_stdio/stdio.c.obj
                0x00000000100040a8                stdio_set_driver_enabled
 .text.stdio_flush
                0x00000000100040d4       0x20 CMakeFiles/MM-FI.dir/home/cebron/pico-sdk/src/rp2_common/pico_stdio/stdio.c.obj
                0x00000000100040d4                stdio_flush
 .text.stdio_init_all
                0x00000000100040f4        0xe CMakeFiles/MM-FI.dir/home/cebron/pico-sdk/src/rp2_common/pico_stdio/stdio.c.obj
                0x00000000100040f4                stdio_init_all
 .text.__wrap_puts
                0x0000000010004102       0x1e CMakeFiles/MM-FI.dir/home/cebron/pico-sdk/src/rp2_common/pico_stdio/stdio.c.obj
                0x0000000010004102                __wrap_puts
                0x0000000010004102                stdio_puts
 .text.__wrap_vprintf
                0x0000000010004120       0x40 CMakeFiles/MM-FI.dir/home/cebron/pico-sdk/src/rp2_common/pico_stdio/stdio.c.obj
                0x0000000010004120                __wrap_vprintf
                0x0000000010004120                stdio_vprintf
 .text.__wrap_printf
                0x0000000010004160       0x18 CMakeFiles/MM-FI.dir/home/cebron/pico-sdk/src/rp2_common/pico_stdio/stdio.c.obj
                0x0000000010004160                stdio_printf
                0x0000000010004160                __wrap_printf
 .text.stdio_uart_out_chars
                0x0000000010004178       0x74 CMakeFiles/MM-FI.dir/home/cebron/pico-sdk/src/rp2_common/pico_stdio_uart/stdio_uart.c.obj
 .text.stdio_uart_in_chars
                0x00000000100041ec       0x80 CMakeFiles/MM-FI.dir/home/cebron/pico-sdk/src/rp2_common/pico_stdio_uart/stdio_uart.c.obj
                0x00000000100041ec                stdio_uart_in_chars
 .text.on_uart_rx
                0x000000001000426c       0x28 CMakeFiles/MM-FI.dir/home/cebron/pico-sdk/src/rp2_common/pico_stdio_uart/stdio_uart.c.obj
 .text.stdio_uart_out_flush
                0x0000000010004294       0x10 CMakeFiles/MM-FI.dir/home/cebron/pico-sdk/src/rp2_common/pico_stdio_uart/stdio_uart.c.obj
 .text.stdio_uart_set_chars_available_callback
                0x00000000100042a4       0x90 CMakeFiles/MM-FI.dir/home/cebron/pico-sdk/src/rp2_common/pico_stdio_uart/stdio_uart.c.obj
 .text.stdio_uart_init_full
                0x0000000010004334       0x44 CMakeFiles/MM-FI.dir/home/cebron/pico-sdk/src/rp2_common/pico_stdio_uart/stdio_uart.c.obj
                0x0000000010004334                stdio_uart_init_full
 .text.stdio_uart_init
                0x0000000010004378       0x30 CMakeFiles/MM-FI.dir/home/cebron/pico-sdk/src/rp2_common/pico_stdio_uart/stdio_uart.c.obj
                0x0000000010004378                stdio_uart_init
 .text.resetd_init
                0x00000000100043a8        0x2 CMakeFiles/MM-FI.dir/home/cebron/pico-sdk/src/rp2_common/pico_stdio_usb/reset_interface.c.obj
 *fill*         0x00000000100043aa        0x2 
 .text.resetd_reset
                0x00000000100043ac        0xc CMakeFiles/MM-FI.dir/home/cebron/pico-sdk/src/rp2_common/pico_stdio_usb/reset_interface.c.obj
 .text.resetd_open
                0x00000000100043b8       0x34 CMakeFiles/MM-FI.dir/home/cebron/pico-sdk/src/rp2_common/pico_stdio_usb/reset_interface.c.obj
 .text.resetd_xfer_cb
                0x00000000100043ec        0x4 CMakeFiles/MM-FI.dir/home/cebron/pico-sdk/src/rp2_common/pico_stdio_usb/reset_interface.c.obj
 .text.resetd_control_xfer_cb
                0x00000000100043f0       0x5c CMakeFiles/MM-FI.dir/home/cebron/pico-sdk/src/rp2_common/pico_stdio_usb/reset_interface.c.obj
 .text.tud_descriptor_bos_cb
                0x000000001000444c        0x8 CMakeFiles/MM-FI.dir/home/cebron/pico-sdk/src/rp2_common/pico_stdio_usb/reset_interface.c.obj
                0x000000001000444c                tud_descriptor_bos_cb
 .text.tud_vendor_control_xfer_cb
                0x0000000010004454       0x38 CMakeFiles/MM-FI.dir/home/cebron/pico-sdk/src/rp2_common/pico_stdio_usb/reset_interface.c.obj
                0x0000000010004454                tud_vendor_control_xfer_cb
 .text.usbd_app_driver_get_cb
                0x000000001000448c        0xc CMakeFiles/MM-FI.dir/home/cebron/pico-sdk/src/rp2_common/pico_stdio_usb/reset_interface.c.obj
                0x000000001000448c                usbd_app_driver_get_cb
 .text.tud_cdc_line_coding_cb
                0x0000000010004498       0x28 CMakeFiles/MM-FI.dir/home/cebron/pico-sdk/src/rp2_common/pico_stdio_usb/reset_interface.c.obj
                0x0000000010004498                tud_cdc_line_coding_cb
 .text.stdio_usb_set_chars_available_callback
                0x00000000100044c0       0x14 CMakeFiles/MM-FI.dir/home/cebron/pico-sdk/src/rp2_common/pico_stdio_usb/stdio_usb.c.obj
                0x00000000100044c0                stdio_usb_set_chars_available_callback
 .text.stdio_usb_out_flush
                0x00000000100044d4       0x4c CMakeFiles/MM-FI.dir/home/cebron/pico-sdk/src/rp2_common/pico_stdio_usb/stdio_usb.c.obj
 .text.usb_irq  0x0000000010004520       0x10 CMakeFiles/MM-FI.dir/home/cebron/pico-sdk/src/rp2_common/pico_stdio_usb/stdio_usb.c.obj
 .text.low_priority_worker_irq
                0x0000000010004530       0xd0 CMakeFiles/MM-FI.dir/home/cebron/pico-sdk/src/rp2_common/pico_stdio_usb/stdio_usb.c.obj
 .text.timer_task
                0x0000000010004600       0x6c CMakeFiles/MM-FI.dir/home/cebron/pico-sdk/src/rp2_common/pico_stdio_usb/stdio_usb.c.obj
 .text.stdio_usb_init
                0x000000001000466c       0xfc CMakeFiles/MM-FI.dir/home/cebron/pico-sdk/src/rp2_common/pico_stdio_usb/stdio_usb.c.obj
                0x000000001000466c                stdio_usb_init
 .text.stdio_usb_connected
                0x0000000010004768        0xa CMakeFiles/MM-FI.dir/home/cebron/pico-sdk/src/rp2_common/pico_stdio_usb/stdio_usb.c.obj
                0x0000000010004768                stdio_usb_connected
 *fill*         0x0000000010004772        0x2 
 .text.stdio_usb_in_chars
                0x0000000010004774       0x98 CMakeFiles/MM-FI.dir/home/cebron/pico-sdk/src/rp2_common/pico_stdio_usb/stdio_usb.c.obj
                0x0000000010004774                stdio_usb_in_chars
 .text.stdio_usb_out_chars
                0x000000001000480c       0xe8 CMakeFiles/MM-FI.dir/home/cebron/pico-sdk/src/rp2_common/pico_stdio_usb/stdio_usb.c.obj
 .text.tud_descriptor_device_cb
                0x00000000100048f4        0x8 CMakeFiles/MM-FI.dir/home/cebron/pico-sdk/src/rp2_common/pico_stdio_usb/stdio_usb_descriptors.c.obj
                0x00000000100048f4                tud_descriptor_device_cb
 .text.tud_descriptor_configuration_cb
                0x00000000100048fc        0x8 CMakeFiles/MM-FI.dir/home/cebron/pico-sdk/src/rp2_common/pico_stdio_usb/stdio_usb_descriptors.c.obj
                0x00000000100048fc                tud_descriptor_configuration_cb
 .text.tud_descriptor_string_cb
                0x0000000010004904       0x6c CMakeFiles/MM-FI.dir/home/cebron/pico-sdk/src/rp2_common/pico_stdio_usb/stdio_usb_descriptors.c.obj
                0x0000000010004904                tud_descriptor_string_cb
 .text._retrieve_unique_id_on_boot
                0x0000000010004970       0x10 CMakeFiles/MM-FI.dir/home/cebron/pico-sdk/src/rp2_common/pico_unique_id/unique_id.c.obj
 .text.pico_get_unique_board_id_string
                0x0000000010004980       0x60 CMakeFiles/MM-FI.dir/home/cebron/pico-sdk/src/rp2_common/pico_unique_id/unique_id.c.obj
                0x0000000010004980                pico_get_unique_board_id_string
 .text.flash_get_unique_id
                0x00000000100049e0       0x46 CMakeFiles/MM-FI.dir/home/cebron/pico-sdk/src/rp2_common/hardware_flash/flash.c.obj
                0x00000000100049e0                flash_get_unique_id
 *fill*         0x0000000010004a26        0x2 
 .text._hw_endpoint_alloc
                0x0000000010004a28       0x70 CMakeFiles/MM-FI.dir/home/cebron/pico-sdk/lib/tinyusb/src/portable/raspberrypi/rp2040/dcd_rp2040.c.obj
 .text.hw_endpoint_init
                0x0000000010004a98       0xc4 CMakeFiles/MM-FI.dir/home/cebron/pico-sdk/lib/tinyusb/src/portable/raspberrypi/rp2040/dcd_rp2040.c.obj
 .text.hw_endpoint_xfer
                0x0000000010004b5c       0x20 CMakeFiles/MM-FI.dir/home/cebron/pico-sdk/lib/tinyusb/src/portable/raspberrypi/rp2040/dcd_rp2040.c.obj
 .text.dcd_int_enable
                0x0000000010004b7c       0x2c CMakeFiles/MM-FI.dir/home/cebron/pico-sdk/lib/tinyusb/src/portable/raspberrypi/rp2040/dcd_rp2040.c.obj
                0x0000000010004b7c                dcd_int_enable
 .text.dcd_set_address
                0x0000000010004ba8       0x2c CMakeFiles/MM-FI.dir/home/cebron/pico-sdk/lib/tinyusb/src/portable/raspberrypi/rp2040/dcd_rp2040.c.obj
                0x0000000010004ba8                dcd_set_address
 .text.dcd_connect
                0x0000000010004bd4       0x10 CMakeFiles/MM-FI.dir/home/cebron/pico-sdk/lib/tinyusb/src/portable/raspberrypi/rp2040/dcd_rp2040.c.obj
                0x0000000010004bd4                dcd_connect
 .text.dcd_init
                0x0000000010004be4       0x80 CMakeFiles/MM-FI.dir/home/cebron/pico-sdk/lib/tinyusb/src/portable/raspberrypi/rp2040/dcd_rp2040.c.obj
                0x0000000010004be4                dcd_init
 .text.dcd_sof_enable
                0x0000000010004c64       0x1c CMakeFiles/MM-FI.dir/home/cebron/pico-sdk/lib/tinyusb/src/portable/raspberrypi/rp2040/dcd_rp2040.c.obj
                0x0000000010004c64                dcd_sof_enable
 .text.dcd_edpt0_status_complete
                0x0000000010004c80       0x1c CMakeFiles/MM-FI.dir/home/cebron/pico-sdk/lib/tinyusb/src/portable/raspberrypi/rp2040/dcd_rp2040.c.obj
                0x0000000010004c80                dcd_edpt0_status_complete
 .text.dcd_edpt_open
                0x0000000010004c9c       0x40 CMakeFiles/MM-FI.dir/home/cebron/pico-sdk/lib/tinyusb/src/portable/raspberrypi/rp2040/dcd_rp2040.c.obj
                0x0000000010004c9c                dcd_edpt_open
 .text.dcd_edpt_close_all
                0x0000000010004cdc        0x8 CMakeFiles/MM-FI.dir/home/cebron/pico-sdk/lib/tinyusb/src/portable/raspberrypi/rp2040/dcd_rp2040.c.obj
                0x0000000010004cdc                dcd_edpt_close_all
 .text.dcd_edpt_xfer
                0x0000000010004ce4       0x30 CMakeFiles/MM-FI.dir/home/cebron/pico-sdk/lib/tinyusb/src/portable/raspberrypi/rp2040/dcd_rp2040.c.obj
                0x0000000010004ce4                dcd_edpt_xfer
 .text.dcd_edpt_stall
                0x0000000010004d14       0x3c CMakeFiles/MM-FI.dir/home/cebron/pico-sdk/lib/tinyusb/src/portable/raspberrypi/rp2040/dcd_rp2040.c.obj
                0x0000000010004d14                dcd_edpt_stall
 .text.dcd_edpt_clear_stall
                0x0000000010004d50       0x30 CMakeFiles/MM-FI.dir/home/cebron/pico-sdk/lib/tinyusb/src/portable/raspberrypi/rp2040/dcd_rp2040.c.obj
                0x0000000010004d50                dcd_edpt_clear_stall
 .text.unaligned_memcpy
                0x0000000010004d80       0x14 CMakeFiles/MM-FI.dir/home/cebron/pico-sdk/lib/tinyusb/src/portable/raspberrypi/rp2040/rp2040_usb.c.obj
 .text.rp2040_usb_init
                0x0000000010004d94       0x44 CMakeFiles/MM-FI.dir/home/cebron/pico-sdk/lib/tinyusb/src/portable/raspberrypi/rp2040/rp2040_usb.c.obj
                0x0000000010004d94                rp2040_usb_init
 .text.hw_endpoint_xfer_start
                0x0000000010004dd8       0x60 CMakeFiles/MM-FI.dir/home/cebron/pico-sdk/lib/tinyusb/src/portable/raspberrypi/rp2040/rp2040_usb.c.obj
                0x0000000010004dd8                hw_endpoint_xfer_start
 .text.configuration_reset
                0x0000000010004e38       0x84 CMakeFiles/MM-FI.dir/home/cebron/pico-sdk/lib/tinyusb/src/device/usbd.c.obj
 .text.usbd_reset
                0x0000000010004ebc        0xc CMakeFiles/MM-FI.dir/home/cebron/pico-sdk/lib/tinyusb/src/device/usbd.c.obj
 .text.invoke_class_control
                0x0000000010004ec8       0x1a CMakeFiles/MM-FI.dir/home/cebron/pico-sdk/lib/tinyusb/src/device/usbd.c.obj
 *fill*         0x0000000010004ee2        0x2 
 .text.process_set_config
                0x0000000010004ee4      0x19c CMakeFiles/MM-FI.dir/home/cebron/pico-sdk/lib/tinyusb/src/device/usbd.c.obj
 .text.tud_event_hook_cb
                0x0000000010005080        0x2 CMakeFiles/MM-FI.dir/home/cebron/pico-sdk/lib/tinyusb/src/device/usbd.c.obj
                0x0000000010005080                tud_event_hook_cb
 .text.tud_sof_cb
                0x0000000010005082        0x2 CMakeFiles/MM-FI.dir/home/cebron/pico-sdk/lib/tinyusb/src/device/usbd.c.obj
                0x0000000010005082                tud_sof_cb
 .text.tud_descriptor_device_qualifier_cb
                0x0000000010005084        0x4 CMakeFiles/MM-FI.dir/home/cebron/pico-sdk/lib/tinyusb/src/device/usbd.c.obj
                0x0000000010005084                tud_descriptor_device_qualifier_cb
 .text.tud_descriptor_other_speed_configuration_cb
                0x0000000010005088        0x4 CMakeFiles/MM-FI.dir/home/cebron/pico-sdk/lib/tinyusb/src/device/usbd.c.obj
                0x0000000010005088                tud_descriptor_other_speed_configuration_cb
 .text.process_get_descriptor
                0x000000001000508c       0xe0 CMakeFiles/MM-FI.dir/home/cebron/pico-sdk/lib/tinyusb/src/device/usbd.c.obj
 .text.tud_mount_cb
                0x000000001000516c        0x2 CMakeFiles/MM-FI.dir/home/cebron/pico-sdk/lib/tinyusb/src/device/usbd.c.obj
                0x000000001000516c                tud_mount_cb
 .text.tud_umount_cb
                0x000000001000516e        0x2 CMakeFiles/MM-FI.dir/home/cebron/pico-sdk/lib/tinyusb/src/device/usbd.c.obj
                0x000000001000516e                tud_umount_cb
 .text.tud_suspend_cb
                0x0000000010005170        0x2 CMakeFiles/MM-FI.dir/home/cebron/pico-sdk/lib/tinyusb/src/device/usbd.c.obj
                0x0000000010005170                tud_suspend_cb
 .text.tud_resume_cb
                0x0000000010005172        0x2 CMakeFiles/MM-FI.dir/home/cebron/pico-sdk/lib/tinyusb/src/device/usbd.c.obj
                0x0000000010005172                tud_resume_cb
 .text.tud_mounted
                0x0000000010005174       0x10 CMakeFiles/MM-FI.dir/home/cebron/pico-sdk/lib/tinyusb/src/device/usbd.c.obj
                0x0000000010005174                tud_mounted
 .text.tud_suspended
                0x0000000010005184       0x10 CMakeFiles/MM-FI.dir/home/cebron/pico-sdk/lib/tinyusb/src/device/usbd.c.obj
                0x0000000010005184                tud_suspended
 .text.tud_inited
                0x0000000010005194       0x14 CMakeFiles/MM-FI.dir/home/cebron/pico-sdk/lib/tinyusb/src/device/usbd.c.obj
                0x0000000010005194                tud_inited
 .text.tud_init
                0x00000000100051a8       0xdc CMakeFiles/MM-FI.dir/home/cebron/pico-sdk/lib/tinyusb/src/device/usbd.c.obj
                0x00000000100051a8                tud_init
 .text.usbd_edpt_open
                0x0000000010005284       0x60 CMakeFiles/MM-FI.dir/home/cebron/pico-sdk/lib/tinyusb/src/device/usbd.c.obj
                0x0000000010005284                usbd_edpt_open
 .text.usbd_open_edpt_pair
                0x00000000100052e4       0x8c CMakeFiles/MM-FI.dir/home/cebron/pico-sdk/lib/tinyusb/src/device/usbd.c.obj
                0x00000000100052e4                usbd_open_edpt_pair
 .text.usbd_edpt_claim
                0x0000000010005370       0x28 CMakeFiles/MM-FI.dir/home/cebron/pico-sdk/lib/tinyusb/src/device/usbd.c.obj
                0x0000000010005370                usbd_edpt_claim
 .text.usbd_edpt_release
                0x0000000010005398       0x28 CMakeFiles/MM-FI.dir/home/cebron/pico-sdk/lib/tinyusb/src/device/usbd.c.obj
                0x0000000010005398                usbd_edpt_release
 .text.usbd_edpt_xfer
                0x00000000100053c0       0x88 CMakeFiles/MM-FI.dir/home/cebron/pico-sdk/lib/tinyusb/src/device/usbd.c.obj
                0x00000000100053c0                usbd_edpt_xfer
 .text.usbd_edpt_stall
                0x0000000010005448       0x34 CMakeFiles/MM-FI.dir/home/cebron/pico-sdk/lib/tinyusb/src/device/usbd.c.obj
                0x0000000010005448                usbd_edpt_stall
 .text.usbd_edpt_clear_stall
                0x000000001000547c       0x34 CMakeFiles/MM-FI.dir/home/cebron/pico-sdk/lib/tinyusb/src/device/usbd.c.obj
                0x000000001000547c                usbd_edpt_clear_stall
 .text.usbd_edpt_stalled
                0x00000000100054b0       0x1c CMakeFiles/MM-FI.dir/home/cebron/pico-sdk/lib/tinyusb/src/device/usbd.c.obj
                0x00000000100054b0                usbd_edpt_stalled
 .text.process_control_request
                0x00000000100054cc      0x394 CMakeFiles/MM-FI.dir/home/cebron/pico-sdk/lib/tinyusb/src/device/usbd.c.obj
 .text.tud_task_ext
                0x0000000010005860      0x1d8 CMakeFiles/MM-FI.dir/home/cebron/pico-sdk/lib/tinyusb/src/device/usbd.c.obj
                0x0000000010005860                tud_task_ext
 .text._data_stage_xact
                0x0000000010005a38       0x60 CMakeFiles/MM-FI.dir/home/cebron/pico-sdk/lib/tinyusb/src/device/usbd_control.c.obj
 .text.tud_control_status
                0x0000000010005a98       0x38 CMakeFiles/MM-FI.dir/home/cebron/pico-sdk/lib/tinyusb/src/device/usbd_control.c.obj
                0x0000000010005a98                tud_control_status
 .text.tud_control_xfer
                0x0000000010005ad0       0xa8 CMakeFiles/MM-FI.dir/home/cebron/pico-sdk/lib/tinyusb/src/device/usbd_control.c.obj
                0x0000000010005ad0                tud_control_xfer
 .text.usbd_control_reset
                0x0000000010005b78       0x14 CMakeFiles/MM-FI.dir/home/cebron/pico-sdk/lib/tinyusb/src/device/usbd_control.c.obj
                0x0000000010005b78                usbd_control_reset
 .text.usbd_control_set_complete_callback
                0x0000000010005b8c        0xc CMakeFiles/MM-FI.dir/home/cebron/pico-sdk/lib/tinyusb/src/device/usbd_control.c.obj
                0x0000000010005b8c                usbd_control_set_complete_callback
 .text.usbd_control_set_request
                0x0000000010005b98       0x1c CMakeFiles/MM-FI.dir/home/cebron/pico-sdk/lib/tinyusb/src/device/usbd_control.c.obj
                0x0000000010005b98                usbd_control_set_request
 .text.usbd_control_xfer_cb
                0x0000000010005bb4       0xf4 CMakeFiles/MM-FI.dir/home/cebron/pico-sdk/lib/tinyusb/src/device/usbd_control.c.obj
                0x0000000010005bb4                usbd_control_xfer_cb
 .text._prep_out_transaction
                0x0000000010005ca8       0x72 CMakeFiles/MM-FI.dir/home/cebron/pico-sdk/lib/tinyusb/src/class/cdc/cdc_device.c.obj
 *fill*         0x0000000010005d1a        0x2 
 .text.tud_cdc_n_connected
                0x0000000010005d1c       0x44 CMakeFiles/MM-FI.dir/home/cebron/pico-sdk/lib/tinyusb/src/class/cdc/cdc_device.c.obj
                0x0000000010005d1c                tud_cdc_n_connected
 .text.tud_cdc_n_available
                0x0000000010005d60       0x18 CMakeFiles/MM-FI.dir/home/cebron/pico-sdk/lib/tinyusb/src/class/cdc/cdc_device.c.obj
                0x0000000010005d60                tud_cdc_n_available
 .text.tud_cdc_n_read
                0x0000000010005d78       0x38 CMakeFiles/MM-FI.dir/home/cebron/pico-sdk/lib/tinyusb/src/class/cdc/cdc_device.c.obj
                0x0000000010005d78                tud_cdc_n_read
 .text.tud_cdc_n_write_flush
                0x0000000010005db0       0xcc CMakeFiles/MM-FI.dir/home/cebron/pico-sdk/lib/tinyusb/src/class/cdc/cdc_device.c.obj
                0x0000000010005db0                tud_cdc_n_write_flush
 .text.tud_cdc_n_write
                0x0000000010005e7c       0x48 CMakeFiles/MM-FI.dir/home/cebron/pico-sdk/lib/tinyusb/src/class/cdc/cdc_device.c.obj
                0x0000000010005e7c                tud_cdc_n_write
 .text.tud_cdc_n_write_available
                0x0000000010005ec4       0x1c CMakeFiles/MM-FI.dir/home/cebron/pico-sdk/lib/tinyusb/src/class/cdc/cdc_device.c.obj
                0x0000000010005ec4                tud_cdc_n_write_available
 .text.cdcd_init
                0x0000000010005ee0       0xc0 CMakeFiles/MM-FI.dir/home/cebron/pico-sdk/lib/tinyusb/src/class/cdc/cdc_device.c.obj
                0x0000000010005ee0                cdcd_init
 .text.cdcd_deinit
                0x0000000010005fa0       0x50 CMakeFiles/MM-FI.dir/home/cebron/pico-sdk/lib/tinyusb/src/class/cdc/cdc_device.c.obj
                0x0000000010005fa0                cdcd_deinit
 .text.cdcd_reset
                0x0000000010005ff0       0x78 CMakeFiles/MM-FI.dir/home/cebron/pico-sdk/lib/tinyusb/src/class/cdc/cdc_device.c.obj
                0x0000000010005ff0                cdcd_reset
 .text.cdcd_open
                0x0000000010006068       0xf8 CMakeFiles/MM-FI.dir/home/cebron/pico-sdk/lib/tinyusb/src/class/cdc/cdc_device.c.obj
                0x0000000010006068                cdcd_open
 .text.cdcd_control_xfer_cb
                0x0000000010006160      0x138 CMakeFiles/MM-FI.dir/home/cebron/pico-sdk/lib/tinyusb/src/class/cdc/cdc_device.c.obj
                0x0000000010006160                cdcd_control_xfer_cb
 .text.cdcd_xfer_cb
                0x0000000010006298      0x144 CMakeFiles/MM-FI.dir/home/cebron/pico-sdk/lib/tinyusb/src/class/cdc/cdc_device.c.obj
                0x0000000010006298                cdcd_xfer_cb
 .text._prep_out_transaction
                0x00000000100063dc       0x3a CMakeFiles/MM-FI.dir/home/cebron/pico-sdk/lib/tinyusb/src/class/vendor/vendor_device.c.obj
 *fill*         0x0000000010006416        0x2 
 .text.tud_vendor_n_write_flush
                0x0000000010006418       0xcc CMakeFiles/MM-FI.dir/home/cebron/pico-sdk/lib/tinyusb/src/class/vendor/vendor_device.c.obj
                0x0000000010006418                tud_vendor_n_write_flush
 .text.vendord_init
                0x00000000100064e4       0xa0 CMakeFiles/MM-FI.dir/home/cebron/pico-sdk/lib/tinyusb/src/class/vendor/vendor_device.c.obj
                0x00000000100064e4                vendord_init
 .text.vendord_deinit
                0x0000000010006584       0x50 CMakeFiles/MM-FI.dir/home/cebron/pico-sdk/lib/tinyusb/src/class/vendor/vendor_device.c.obj
                0x0000000010006584                vendord_deinit
 .text.vendord_reset
                0x00000000100065d4       0x38 CMakeFiles/MM-FI.dir/home/cebron/pico-sdk/lib/tinyusb/src/class/vendor/vendor_device.c.obj
                0x00000000100065d4                vendord_reset
 .text.vendord_open
                0x000000001000660c       0xd8 CMakeFiles/MM-FI.dir/home/cebron/pico-sdk/lib/tinyusb/src/class/vendor/vendor_device.c.obj
                0x000000001000660c                vendord_open
 .text.vendord_xfer_cb
                0x00000000100066e4       0xc8 CMakeFiles/MM-FI.dir/home/cebron/pico-sdk/lib/tinyusb/src/class/vendor/vendor_device.c.obj
                0x00000000100066e4                vendord_xfer_cb
 .text.tusb_init
                0x00000000100067ac       0x24 CMakeFiles/MM-FI.dir/home/cebron/pico-sdk/lib/tinyusb/src/tusb.c.obj
                0x00000000100067ac                tusb_init
 .text.tu_edpt_claim
                0x00000000100067d0       0x50 CMakeFiles/MM-FI.dir/home/cebron/pico-sdk/lib/tinyusb/src/tusb.c.obj
                0x00000000100067d0                tu_edpt_claim
 .text.tu_edpt_release
                0x0000000010006820       0x3c CMakeFiles/MM-FI.dir/home/cebron/pico-sdk/lib/tinyusb/src/tusb.c.obj
                0x0000000010006820                tu_edpt_release
 .text.tu_edpt_validate
                0x000000001000685c       0xac CMakeFiles/MM-FI.dir/home/cebron/pico-sdk/lib/tinyusb/src/tusb.c.obj
                0x000000001000685c                tu_edpt_validate
 .text.tu_edpt_bind_driver
                0x0000000010006908       0x26 CMakeFiles/MM-FI.dir/home/cebron/pico-sdk/lib/tinyusb/src/tusb.c.obj
                0x0000000010006908                tu_edpt_bind_driver
 .text.advance_index
                0x000000001000692e       0x1a CMakeFiles/MM-FI.dir/home/cebron/pico-sdk/lib/tinyusb/src/common/tusb_fifo.c.obj
 .text._tu_fifo_peek
                0x0000000010006948       0x56 CMakeFiles/MM-FI.dir/home/cebron/pico-sdk/lib/tinyusb/src/common/tusb_fifo.c.obj
 .text._ff_pull_n
                0x000000001000699e       0x68 CMakeFiles/MM-FI.dir/home/cebron/pico-sdk/lib/tinyusb/src/common/tusb_fifo.c.obj
 .text._tu_fifo_peek_n
                0x0000000010006a06       0x6a CMakeFiles/MM-FI.dir/home/cebron/pico-sdk/lib/tinyusb/src/common/tusb_fifo.c.obj
 .text._tu_fifo_read_n
                0x0000000010006a70       0x4e CMakeFiles/MM-FI.dir/home/cebron/pico-sdk/lib/tinyusb/src/common/tusb_fifo.c.obj
 .text._ff_push_n
                0x0000000010006abe       0x68 CMakeFiles/MM-FI.dir/home/cebron/pico-sdk/lib/tinyusb/src/common/tusb_fifo.c.obj
 .text._tu_fifo_write_n
                0x0000000010006b26       0xf0 CMakeFiles/MM-FI.dir/home/cebron/pico-sdk/lib/tinyusb/src/common/tusb_fifo.c.obj
 .text.tu_fifo_config
                0x0000000010006c16       0x7c CMakeFiles/MM-FI.dir/home/cebron/pico-sdk/lib/tinyusb/src/common/tusb_fifo.c.obj
                0x0000000010006c16                tu_fifo_config
 .text.tu_fifo_count
                0x0000000010006c92       0x2a CMakeFiles/MM-FI.dir/home/cebron/pico-sdk/lib/tinyusb/src/common/tusb_fifo.c.obj
                0x0000000010006c92                tu_fifo_count
 .text.tu_fifo_empty
                0x0000000010006cbc       0x10 CMakeFiles/MM-FI.dir/home/cebron/pico-sdk/lib/tinyusb/src/common/tusb_fifo.c.obj
                0x0000000010006cbc                tu_fifo_empty
 .text.tu_fifo_full
                0x0000000010006ccc       0x28 CMakeFiles/MM-FI.dir/home/cebron/pico-sdk/lib/tinyusb/src/common/tusb_fifo.c.obj
                0x0000000010006ccc                tu_fifo_full
 .text.tu_fifo_remaining
                0x0000000010006cf4       0x2c CMakeFiles/MM-FI.dir/home/cebron/pico-sdk/lib/tinyusb/src/common/tusb_fifo.c.obj
                0x0000000010006cf4                tu_fifo_remaining
 .text.tu_fifo_read
                0x0000000010006d20       0x42 CMakeFiles/MM-FI.dir/home/cebron/pico-sdk/lib/tinyusb/src/common/tusb_fifo.c.obj
                0x0000000010006d20                tu_fifo_read
 .text.tu_fifo_read_n
                0x0000000010006d62        0xa CMakeFiles/MM-FI.dir/home/cebron/pico-sdk/lib/tinyusb/src/common/tusb_fifo.c.obj
                0x0000000010006d62                tu_fifo_read_n
 .text.tu_fifo_write
                0x0000000010006d6c       0x64 CMakeFiles/MM-FI.dir/home/cebron/pico-sdk/lib/tinyusb/src/common/tusb_fifo.c.obj
                0x0000000010006d6c                tu_fifo_write
 .text.tu_fifo_write_n
                0x0000000010006dd0        0xa CMakeFiles/MM-FI.dir/home/cebron/pico-sdk/lib/tinyusb/src/common/tusb_fifo.c.obj
                0x0000000010006dd0                tu_fifo_write_n
 .text.tu_fifo_clear
                0x0000000010006dda       0x3e CMakeFiles/MM-FI.dir/home/cebron/pico-sdk/lib/tinyusb/src/common/tusb_fifo.c.obj
                0x0000000010006dda                tu_fifo_clear
 .text.tu_fifo_set_overwritable
                0x0000000010006e18       0x46 CMakeFiles/MM-FI.dir/home/cebron/pico-sdk/lib/tinyusb/src/common/tusb_fifo.c.obj
                0x0000000010006e18                tu_fifo_set_overwritable
 .text.core1_trampoline
                0x0000000010006e5e        0x2 CMakeFiles/MM-FI.dir/home/cebron/pico-sdk/src/rp2_common/pico_multicore/multicore.c.obj
 .text.core1_wrapper
                0x0000000010006e60        0xc CMakeFiles/MM-FI.dir/home/cebron/pico-sdk/src/rp2_common/pico_multicore/multicore.c.obj
                0x0000000010006e60                core1_wrapper
 .text.multicore_fifo_push_blocking
                0x0000000010006e6c       0x14 CMakeFiles/MM-FI.dir/home/cebron/pico-sdk/src/rp2_common/pico_multicore/multicore.c.obj
                0x0000000010006e6c                multicore_fifo_push_blocking
 .text.multicore_fifo_pop_blocking
                0x0000000010006e80       0x16 CMakeFiles/MM-FI.dir/home/cebron/pico-sdk/src/rp2_common/pico_multicore/multicore.c.obj
                0x0000000010006e80                multicore_fifo_pop_blocking
 *fill*         0x0000000010006e96        0x2 
 .text.multicore_reset_core1
                0x0000000010006e98       0x60 CMakeFiles/MM-FI.dir/home/cebron/pico-sdk/src/rp2_common/pico_multicore/multicore.c.obj
                0x0000000010006e98                multicore_reset_core1
 .text.multicore_launch_core1_raw
                0x0000000010006ef8       0x6e CMakeFiles/MM-FI.dir/home/cebron/pico-sdk/src/rp2_common/pico_multicore/multicore.c.obj
                0x0000000010006ef8                multicore_launch_core1_raw
 *fill*         0x0000000010006f66        0x2 
 .text.multicore_launch_core1_with_stack
                0x0000000010006f68       0x50 CMakeFiles/MM-FI.dir/home/cebron/pico-sdk/src/rp2_common/pico_multicore/multicore.c.obj
                0x0000000010006f68                multicore_launch_core1_with_stack
 .text.multicore_launch_core1
                0x0000000010006fb8       0x24 CMakeFiles/MM-FI.dir/home/cebron/pico-sdk/src/rp2_common/pico_multicore/multicore.c.obj
                0x0000000010006fb8                multicore_launch_core1
 .text          0x0000000010006fdc       0x48 /usr/lib/gcc/arm-none-eabi/10.3.1/../../../arm-none-eabi/lib/thumb/v6-m/nofp/libg.a(lib_a-rand.o)
                0x0000000010006fdc                srand
                0x0000000010006ff0                rand
 .text          0x0000000010007024       0x5c /usr/lib/gcc/arm-none-eabi/10.3.1/../../../arm-none-eabi/lib/thumb/v6-m/nofp/libg.a(lib_a-strlen-stub.o)
                0x0000000010007024                strlen
 .text          0x0000000010007080       0x34 /usr/lib/gcc/arm-none-eabi/10.3.1/../../../arm-none-eabi/lib/thumb/v6-m/nofp/libg.a(lib_a-time.o)
                0x0000000010007080                time
 .text          0x00000000100070b4       0x28 /usr/lib/gcc/arm-none-eabi/10.3.1/../../../arm-none-eabi/lib/thumb/v6-m/nofp/libg.a(lib_a-gettimeofdayr.o)
                0x00000000100070b4                _gettimeofday_r
 *(.fini)
 .fini          0x00000000100070dc        0x4 /usr/lib/gcc/arm-none-eabi/10.3.1/thumb/v6-m/nofp/crti.o
                0x00000000100070dc                _fini
 .fini.__stub   0x00000000100070e0       0xd0 linker stubs
 *crtbegin.o(.ctors)
 *crtbegin?.o(.ctors)
 *(EXCLUDE_FILE(*crtend.o *crtend?.o) .ctors)
 *(SORT_BY_NAME(.ctors.*))
 *(.ctors)
 *crtbegin.o(.dtors)
 *crtbegin?.o(.dtors)
 *(EXCLUDE_FILE(*crtend.o *crtend?.o) .dtors)
 *(SORT_BY_NAME(.dtors.*))
 *(.dtors)
                0x00000000100071b0                . = ALIGN (0x4)
                0x00000000100071b0                PROVIDE (__preinit_array_start = .)
 *(SORT_BY_NAME(.preinit_array.*))
 .preinit_array.00100
                0x00000000100071b0        0x4 CMakeFiles/MM-FI.dir/home/cebron/pico-sdk/src/rp2_common/pico_runtime_init/runtime_init.c.obj
                0x00000000100071b0                __pre_init_runtime_init_early_resets
 .preinit_array.00101
                0x00000000100071b4        0x4 CMakeFiles/MM-FI.dir/home/cebron/pico-sdk/src/rp2_common/pico_runtime_init/runtime_init.c.obj
                0x00000000100071b4                __pre_init_runtime_init_usb_power_down
 .preinit_array.00275
                0x00000000100071b8        0x4 CMakeFiles/MM-FI.dir/home/cebron/pico-sdk/src/rp2_common/pico_bit_ops/bit_ops_aeabi.S.obj
 .preinit_array.00300
                0x00000000100071bc        0x4 CMakeFiles/MM-FI.dir/home/cebron/pico-sdk/src/rp2_common/pico_mem_ops/mem_ops_aeabi.S.obj
 .preinit_array.00350
                0x00000000100071c0        0x4 CMakeFiles/MM-FI.dir/home/cebron/pico-sdk/src/rp2_common/pico_double/double_aeabi_rp2040.S.obj
 .preinit_array.00350
                0x00000000100071c4        0x4 CMakeFiles/MM-FI.dir/home/cebron/pico-sdk/src/rp2_common/pico_float/float_aeabi_rp2040.S.obj
 .preinit_array.00500
                0x00000000100071c8        0x4 CMakeFiles/MM-FI.dir/home/cebron/pico-sdk/src/rp2_common/pico_runtime_init/runtime_init.c.obj
                0x00000000100071c8                __pre_init_runtime_init_clocks
 .preinit_array.00600
                0x00000000100071cc        0x4 CMakeFiles/MM-FI.dir/home/cebron/pico-sdk/src/rp2_common/pico_runtime_init/runtime_init.c.obj
                0x00000000100071cc                __pre_init_runtime_init_post_clock_resets
 .preinit_array.00700
                0x00000000100071d0        0x4 CMakeFiles/MM-FI.dir/home/cebron/pico-sdk/src/rp2_common/pico_runtime_init/runtime_init.c.obj
                0x00000000100071d0                __pre_init_runtime_init_rp2040_gpio_ie_disable
 .preinit_array.01000
                0x00000000100071d4        0x4 CMakeFiles/MM-FI.dir/home/cebron/pico-sdk/src/rp2_common/pico_runtime_init/runtime_init.c.obj
                0x00000000100071d4                __pre_init_runtime_init_spin_locks_reset
 .preinit_array.01100
                0x00000000100071d8        0x4 CMakeFiles/MM-FI.dir/home/cebron/pico-sdk/src/common/pico_sync/mutex.c.obj
                0x00000000100071d8                __pre_init_runtime_init_mutex
 .preinit_array.10080
                0x00000000100071dc        0x4 CMakeFiles/MM-FI.dir/home/cebron/pico-sdk/src/rp2_common/pico_runtime_init/runtime_init.c.obj
                0x00000000100071dc                __pre_init_runtime_init_install_ram_vector_table
 .preinit_array.11000
                0x00000000100071e0        0x4 CMakeFiles/MM-FI.dir/home/cebron/pico-sdk/src/common/pico_time/time.c.obj
                0x00000000100071e0                __pre_init_runtime_init_default_alarm_pool
 .preinit_array.YYYYY
                0x00000000100071e4        0x4 CMakeFiles/MM-FI.dir/home/cebron/pico-sdk/src/rp2_common/pico_runtime/runtime.c.obj
                0x00000000100071e4                __pre_init_first_per_core_initializer
 .preinit_array.ZZZZZ.01200
                0x00000000100071e8        0x4 CMakeFiles/MM-FI.dir/home/cebron/pico-sdk/src/rp2_common/hardware_irq/irq.c.obj
                0x00000000100071e8                __pre_init_runtime_init_per_core_irq_priorities
 *(.preinit_array)
                0x00000000100071ec                PROVIDE (__preinit_array_end = .)
                0x00000000100071ec                . = ALIGN (0x4)
                0x00000000100071ec                PROVIDE (__init_array_start = .)
 *(SORT_BY_NAME(.init_array.*))
 *(.init_array)
 .init_array    0x00000000100071ec        0x4 /usr/lib/gcc/arm-none-eabi/10.3.1/thumb/v6-m/nofp/crtbegin.o
 .init_array    0x00000000100071f0        0x4 CMakeFiles/MM-FI.dir/home/cebron/pico-sdk/src/rp2_common/pico_unique_id/unique_id.c.obj
                0x00000000100071f4                PROVIDE (__init_array_end = .)
                0x00000000100071f4                . = ALIGN (0x4)
                0x00000000100071f4                PROVIDE (__fini_array_start = .)
 *(SORT_BY_NAME(.fini_array.*))
 *(.fini_array)
                0x00000000100071f4                PROVIDE (__fini_array_end = .)
 *(.eh_frame*)
 .eh_frame      0x00000000100071f4        0x0 /usr/lib/gcc/arm-none-eabi/10.3.1/thumb/v6-m/nofp/crtbegin.o
                0x00000000100071f4                . = ALIGN (0x4)

.glue_7         0x00000000100071f4        0x0
 .glue_7        0x00000000100071f4        0x0 linker stubs

.glue_7t        0x00000000100071f4        0x0
 .glue_7t       0x00000000100071f4        0x0 linker stubs

.vfp11_veneer   0x00000000100071f4        0x0
 .vfp11_veneer  0x00000000100071f4        0x0 linker stubs

.v4_bx          0x00000000100071f4        0x0
 .v4_bx         0x00000000100071f4        0x0 linker stubs

.iplt           0x00000000100071f4        0x0
 .iplt          0x00000000100071f4        0x0 /usr/lib/gcc/arm-none-eabi/10.3.1/thumb/v6-m/nofp/crtbegin.o

.rodata         0x00000000100071f8     0x1558
 *(EXCLUDE_FILE(*libm.a: *libc.a:*lib_a-mem*.o *libgcc.a:) .rodata*)
 .rodata.matrix_multiply.str1.4
                0x00000000100071f8        0xf CMakeFiles/MM-FI.dir/MM-FI.c.obj
 *fill*         0x0000000010007207        0x1 
 .rodata.inject_SDC_fault
                0x0000000010007208       0x24 CMakeFiles/MM-FI.dir/MM-FI.c.obj
 .rodata.core1.str1.4
                0x000000001000722c       0x2d CMakeFiles/MM-FI.dir/MM-FI.c.obj
 *fill*         0x0000000010007259        0x3 
 .rodata.main.str1.4
                0x000000001000725c       0x52 CMakeFiles/MM-FI.dir/MM-FI.c.obj
 *fill*         0x00000000100072ae        0x2 
 .rodata.rp2040_chip_version.str1.4
                0x00000000100072b0       0x71 CMakeFiles/MM-FI.dir/home/cebron/pico-sdk/src/rp2040/pico_platform/platform.c.obj
 *fill*         0x0000000010007321        0x3 
 .rodata.__func__.0
                0x0000000010007324       0x14 CMakeFiles/MM-FI.dir/home/cebron/pico-sdk/src/rp2040/pico_platform/platform.c.obj
 .rodata.panic.str1.4
                0x0000000010007338       0x12 CMakeFiles/MM-FI.dir/home/cebron/pico-sdk/src/rp2_common/pico_platform_panic/panic.c.obj
 *fill*         0x000000001000734a        0x2 
 .rodata.spin_lock_claim_unused.str1.4
                0x000000001000734c       0x1b CMakeFiles/MM-FI.dir/home/cebron/pico-sdk/src/rp2_common/hardware_sync/sync.c.obj
 *fill*         0x0000000010007367        0x1 
 .rodata.make_j_16.str1.4
                0x0000000010007368       0x68 CMakeFiles/MM-FI.dir/home/cebron/pico-sdk/src/rp2_common/hardware_irq/irq.c.obj
 .rodata.insert_bl_32.str1.4
                0x00000000100073d0       0x10 CMakeFiles/MM-FI.dir/home/cebron/pico-sdk/src/rp2_common/hardware_irq/irq.c.obj
 .rodata.irq_set_exclusive_handler.str1.4
                0x00000000100073e0       0x36 CMakeFiles/MM-FI.dir/home/cebron/pico-sdk/src/rp2_common/hardware_irq/irq.c.obj
 *fill*         0x0000000010007416        0x2 
 .rodata.irq_add_shared_handler.str1.4
                0x0000000010007418       0xe9 CMakeFiles/MM-FI.dir/home/cebron/pico-sdk/src/rp2_common/hardware_irq/irq.c.obj
 *fill*         0x0000000010007501        0x3 
 .rodata.irq_remove_handler.str1.4
                0x0000000010007504       0x3a CMakeFiles/MM-FI.dir/home/cebron/pico-sdk/src/rp2_common/hardware_irq/irq.c.obj
 *fill*         0x000000001000753e        0x2 
 .rodata.irq_add_tail_to_free_list.str1.4
                0x0000000010007540       0x3a CMakeFiles/MM-FI.dir/home/cebron/pico-sdk/src/rp2_common/hardware_irq/irq.c.obj
 *fill*         0x000000001000757a        0x2 
 .rodata.user_irq_claim_unused.str1.4
                0x000000001000757c       0x1b CMakeFiles/MM-FI.dir/home/cebron/pico-sdk/src/rp2_common/hardware_irq/irq.c.obj
 *fill*         0x0000000010007597        0x1 
 .rodata.__func__.0
                0x0000000010007598       0x1a CMakeFiles/MM-FI.dir/home/cebron/pico-sdk/src/rp2_common/hardware_irq/irq.c.obj
 *fill*         0x00000000100075b2        0x2 
 .rodata.__func__.1
                0x00000000100075b4        0xd CMakeFiles/MM-FI.dir/home/cebron/pico-sdk/src/rp2_common/hardware_irq/irq.c.obj
 *fill*         0x00000000100075c1        0x3 
 .rodata.__func__.2
                0x00000000100075c4       0x13 CMakeFiles/MM-FI.dir/home/cebron/pico-sdk/src/rp2_common/hardware_irq/irq.c.obj
 *fill*         0x00000000100075d7        0x1 
 .rodata.__func__.3
                0x00000000100075d8        0xa CMakeFiles/MM-FI.dir/home/cebron/pico-sdk/src/rp2_common/hardware_irq/irq.c.obj
 *fill*         0x00000000100075e2        0x2 
 .rodata.__func__.4
                0x00000000100075e4        0xd CMakeFiles/MM-FI.dir/home/cebron/pico-sdk/src/rp2_common/hardware_irq/irq.c.obj
 *fill*         0x00000000100075f1        0x3 
 .rodata.__func__.5
                0x00000000100075f4       0x17 CMakeFiles/MM-FI.dir/home/cebron/pico-sdk/src/rp2_common/hardware_irq/irq.c.obj
 *fill*         0x000000001000760b        0x1 
 .rodata.__func__.6
                0x000000001000760c       0x1a CMakeFiles/MM-FI.dir/home/cebron/pico-sdk/src/rp2_common/hardware_irq/irq.c.obj
 *fill*         0x0000000010007626        0x2 
 .rodata.runtime_init_mutex.str1.4
                0x0000000010007628       0x53 CMakeFiles/MM-FI.dir/home/cebron/pico-sdk/src/common/pico_sync/mutex.c.obj
 *fill*         0x000000001000767b        0x1 
 .rodata.str1.4
                0x000000001000767c       0x51 CMakeFiles/MM-FI.dir/home/cebron/pico-sdk/src/common/pico_sync/mutex.c.obj
 *fill*         0x00000000100076cd        0x3 
 .rodata.__func__.1
                0x00000000100076d0        0xb CMakeFiles/MM-FI.dir/home/cebron/pico-sdk/src/common/pico_sync/mutex.c.obj
 *fill*         0x00000000100076db        0x1 
 .rodata.__func__.3
                0x00000000100076dc       0x18 CMakeFiles/MM-FI.dir/home/cebron/pico-sdk/src/common/pico_sync/mutex.c.obj
 .rodata.__func__.6
                0x00000000100076f4       0x13 CMakeFiles/MM-FI.dir/home/cebron/pico-sdk/src/common/pico_sync/mutex.c.obj
 *fill*         0x0000000010007707        0x1 
 .rodata.alarm_pool_irq_handler.str1.4
                0x0000000010007708       0x5e CMakeFiles/MM-FI.dir/home/cebron/pico-sdk/src/common/pico_time/time.c.obj
 *fill*         0x0000000010007766        0x2 
 .rodata.alarm_pool_get_default.str1.4
                0x0000000010007768       0x21 CMakeFiles/MM-FI.dir/home/cebron/pico-sdk/src/common/pico_time/time.c.obj
 *fill*         0x0000000010007789        0x3 
 .rodata.sleep_until.str1.4
                0x000000001000778c       0x4d CMakeFiles/MM-FI.dir/home/cebron/pico-sdk/src/common/pico_time/time.c.obj
 *fill*         0x00000000100077d9        0x3 
 .rodata.__func__.1
                0x00000000100077dc       0x17 CMakeFiles/MM-FI.dir/home/cebron/pico-sdk/src/common/pico_time/time.c.obj
 *fill*         0x00000000100077f3        0x1 
 .rodata.__func__.2
                0x00000000100077f4       0x17 CMakeFiles/MM-FI.dir/home/cebron/pico-sdk/src/common/pico_time/time.c.obj
 *fill*         0x000000001000780b        0x1 
 .rodata.timer_hardware_alarm_claim.str1.4
                0x000000001000780c       0x22 CMakeFiles/MM-FI.dir/home/cebron/pico-sdk/src/rp2_common/hardware_timer/timer.c.obj
 *fill*         0x000000001000782e        0x2 
 .rodata.pll_init.str1.4
                0x0000000010007830      0x10c CMakeFiles/MM-FI.dir/home/cebron/pico-sdk/src/rp2_common/hardware_pll/pll.c.obj
 .rodata.__func__.0
                0x000000001000793c        0x9 CMakeFiles/MM-FI.dir/home/cebron/pico-sdk/src/rp2_common/hardware_pll/pll.c.obj
 *fill*         0x0000000010007945        0x3 
 .rodata.__aeabi_double_init.str1.4
                0x0000000010007948       0x8e CMakeFiles/MM-FI.dir/home/cebron/pico-sdk/src/rp2_common/pico_double/double_init_rom_rp2040.c.obj
 *fill*         0x00000000100079d6        0x2 
 .rodata.__func__.0
                0x00000000100079d8       0x14 CMakeFiles/MM-FI.dir/home/cebron/pico-sdk/src/rp2_common/pico_double/double_init_rom_rp2040.c.obj
 .rodata.__aeabi_float_init.str1.4
                0x00000000100079ec       0x7c CMakeFiles/MM-FI.dir/home/cebron/pico-sdk/src/rp2_common/pico_float/float_init_rom_rp2040.c.obj
                                         0x80 (size before relaxing)
 .rodata.__func__.0
                0x0000000010007a68       0x13 CMakeFiles/MM-FI.dir/home/cebron/pico-sdk/src/rp2_common/pico_float/float_init_rom_rp2040.c.obj
 *fill*         0x0000000010007a7b        0x1 
 .rodata.str1.4
                0x0000000010007a7c       0x30 CMakeFiles/MM-FI.dir/home/cebron/pico-sdk/src/rp2_common/pico_standard_binary_info/standard_binary_info.c.obj
 .rodata.__bi_26
                0x0000000010007aac        0xc CMakeFiles/MM-FI.dir/home/cebron/pico-sdk/src/rp2_common/pico_standard_binary_info/standard_binary_info.c.obj
 .rodata.__bi_34
                0x0000000010007ab8        0xc CMakeFiles/MM-FI.dir/home/cebron/pico-sdk/src/rp2_common/pico_standard_binary_info/standard_binary_info.c.obj
 .rodata.__bi_42
                0x0000000010007ac4        0xc CMakeFiles/MM-FI.dir/home/cebron/pico-sdk/src/rp2_common/pico_standard_binary_info/standard_binary_info.c.obj
 .rodata.__bi_48
                0x0000000010007ad0        0xc CMakeFiles/MM-FI.dir/home/cebron/pico-sdk/src/rp2_common/pico_standard_binary_info/standard_binary_info.c.obj
 .rodata.__bi_54
                0x0000000010007adc        0xc CMakeFiles/MM-FI.dir/home/cebron/pico-sdk/src/rp2_common/pico_standard_binary_info/standard_binary_info.c.obj
 .rodata.__bi_60
                0x0000000010007ae8        0xc CMakeFiles/MM-FI.dir/home/cebron/pico-sdk/src/rp2_common/pico_standard_binary_info/standard_binary_info.c.obj
 .rodata.__bi_84
                0x0000000010007af4        0xc CMakeFiles/MM-FI.dir/home/cebron/pico-sdk/src/rp2_common/pico_standard_binary_info/standard_binary_info.c.obj
 .rodata._ftoa.str1.4
                0x0000000010007b00       0x15 CMakeFiles/MM-FI.dir/home/cebron/pico-sdk/src/rp2_common/pico_printf/printf.c.obj
 *fill*         0x0000000010007b15        0x3 
 .rodata._vsnprintf
                0x0000000010007b18      0x1e0 CMakeFiles/MM-FI.dir/home/cebron/pico-sdk/src/rp2_common/pico_printf/printf.c.obj
 .rodata.pow10.0
                0x0000000010007cf8       0x50 CMakeFiles/MM-FI.dir/home/cebron/pico-sdk/src/rp2_common/pico_printf/printf.c.obj
 .rodata.__assert_func.str1.4
                0x0000000010007d48       0x3f CMakeFiles/MM-FI.dir/home/cebron/pico-sdk/src/rp2_common/pico_clib_interface/newlib_interface.c.obj
                                         0x43 (size before relaxing)
 *fill*         0x0000000010007d87        0x1 
 .rodata.crlf_str.0
                0x0000000010007d88        0x2 CMakeFiles/MM-FI.dir/home/cebron/pico-sdk/src/rp2_common/pico_stdio/stdio.c.obj
 *fill*         0x0000000010007d8a        0x2 
 .rodata.str1.4
                0x0000000010007d8c       0x2c CMakeFiles/MM-FI.dir/home/cebron/pico-sdk/src/rp2_common/pico_stdio_uart/stdio_uart.c.obj
 .rodata.__bi_45.4
                0x0000000010007db8        0xc CMakeFiles/MM-FI.dir/home/cebron/pico-sdk/src/rp2_common/pico_stdio_uart/stdio_uart.c.obj
 .rodata.__bi_49.5
                0x0000000010007dc4        0x8 CMakeFiles/MM-FI.dir/home/cebron/pico-sdk/src/rp2_common/pico_stdio_uart/stdio_uart.c.obj
 .rodata.__bi_50.6
                0x0000000010007dcc        0x8 CMakeFiles/MM-FI.dir/home/cebron/pico-sdk/src/rp2_common/pico_stdio_uart/stdio_uart.c.obj
 .rodata._resetd_driver
                0x0000000010007dd4       0x20 CMakeFiles/MM-FI.dir/home/cebron/pico-sdk/src/rp2_common/pico_stdio_usb/reset_interface.c.obj
 .rodata.desc_bos
                0x0000000010007df4       0x21 CMakeFiles/MM-FI.dir/home/cebron/pico-sdk/src/rp2_common/pico_stdio_usb/reset_interface.c.obj
                0x0000000010007df4                desc_bos
 *fill*         0x0000000010007e15        0x3 
 .rodata.desc_ms_os_20
                0x0000000010007e18       0xa6 CMakeFiles/MM-FI.dir/home/cebron/pico-sdk/src/rp2_common/pico_stdio_usb/reset_interface.c.obj
 *fill*         0x0000000010007ebe        0x2 
 .rodata.stdio_usb_init.str1.4
                0x0000000010007ec0       0x40 CMakeFiles/MM-FI.dir/home/cebron/pico-sdk/src/rp2_common/pico_stdio_usb/stdio_usb.c.obj
                                         0x48 (size before relaxing)
 .rodata.str1.4
                0x0000000010007f00       0x13 CMakeFiles/MM-FI.dir/home/cebron/pico-sdk/src/rp2_common/pico_stdio_usb/stdio_usb.c.obj
 *fill*         0x0000000010007f13        0x1 
 .rodata.__bi_197.1
                0x0000000010007f14        0xc CMakeFiles/MM-FI.dir/home/cebron/pico-sdk/src/rp2_common/pico_stdio_usb/stdio_usb.c.obj
 .rodata.__func__.2
                0x0000000010007f20        0xf CMakeFiles/MM-FI.dir/home/cebron/pico-sdk/src/rp2_common/pico_stdio_usb/stdio_usb.c.obj
 *fill*         0x0000000010007f2f        0x1 
 .rodata.str1.4
                0x0000000010007f30       0x2a CMakeFiles/MM-FI.dir/home/cebron/pico-sdk/src/rp2_common/pico_stdio_usb/stdio_usb_descriptors.c.obj
 *fill*         0x0000000010007f5a        0x2 
 .rodata.usbd_desc_cfg
                0x0000000010007f5c       0x54 CMakeFiles/MM-FI.dir/home/cebron/pico-sdk/src/rp2_common/pico_stdio_usb/stdio_usb_descriptors.c.obj
 .rodata.usbd_desc_device
                0x0000000010007fb0       0x12 CMakeFiles/MM-FI.dir/home/cebron/pico-sdk/src/rp2_common/pico_stdio_usb/stdio_usb_descriptors.c.obj
 *fill*         0x0000000010007fc2        0x2 
 .rodata.usbd_desc_str
                0x0000000010007fc4       0x18 CMakeFiles/MM-FI.dir/home/cebron/pico-sdk/src/rp2_common/pico_stdio_usb/stdio_usb_descriptors.c.obj
 .rodata.pico_get_unique_board_id_string.str1.4
                0x0000000010007fdc       0x48 CMakeFiles/MM-FI.dir/home/cebron/pico-sdk/src/rp2_common/pico_unique_id/unique_id.c.obj
 .rodata.__func__.0
                0x0000000010008024       0x20 CMakeFiles/MM-FI.dir/home/cebron/pico-sdk/src/rp2_common/pico_unique_id/unique_id.c.obj
 .rodata.str1.4
                0x0000000010008044      0x189 CMakeFiles/MM-FI.dir/home/cebron/pico-sdk/src/rp2_common/hardware_flash/flash.c.obj
 *fill*         0x00000000100081cd        0x3 
 .rodata.__func__.0
                0x00000000100081d0        0xd CMakeFiles/MM-FI.dir/home/cebron/pico-sdk/src/rp2_common/hardware_flash/flash.c.obj
 *fill*         0x00000000100081dd        0x3 
 .rodata._hw_endpoint_alloc.str1.4
                0x00000000100081e0       0xb1 CMakeFiles/MM-FI.dir/home/cebron/pico-sdk/lib/tinyusb/src/portable/raspberrypi/rp2040/dcd_rp2040.c.obj
 *fill*         0x0000000010008291        0x3 
 .rodata.str1.4
                0x0000000010008294       0x14 CMakeFiles/MM-FI.dir/home/cebron/pico-sdk/lib/tinyusb/src/portable/raspberrypi/rp2040/dcd_rp2040.c.obj
 .rodata.dcd_int_enable.str1.4
                0x00000000100082a8        0xc CMakeFiles/MM-FI.dir/home/cebron/pico-sdk/lib/tinyusb/src/portable/raspberrypi/rp2040/dcd_rp2040.c.obj
 .rodata.__func__.0
                0x00000000100082b4        0xe CMakeFiles/MM-FI.dir/home/cebron/pico-sdk/lib/tinyusb/src/portable/raspberrypi/rp2040/dcd_rp2040.c.obj
 *fill*         0x00000000100082c2        0x2 
 .rodata.__func__.1
                0x00000000100082c4        0xe CMakeFiles/MM-FI.dir/home/cebron/pico-sdk/lib/tinyusb/src/portable/raspberrypi/rp2040/dcd_rp2040.c.obj
 *fill*         0x00000000100082d2        0x2 
 .rodata.__func__.3
                0x00000000100082d4       0x10 CMakeFiles/MM-FI.dir/home/cebron/pico-sdk/lib/tinyusb/src/portable/raspberrypi/rp2040/dcd_rp2040.c.obj
 .rodata.__func__.5
                0x00000000100082e4        0xf CMakeFiles/MM-FI.dir/home/cebron/pico-sdk/lib/tinyusb/src/portable/raspberrypi/rp2040/dcd_rp2040.c.obj
 *fill*         0x00000000100082f3        0x1 
 .rodata.__func__.6
                0x00000000100082f4       0x13 CMakeFiles/MM-FI.dir/home/cebron/pico-sdk/lib/tinyusb/src/portable/raspberrypi/rp2040/dcd_rp2040.c.obj
 *fill*         0x0000000010008307        0x1 
 .rodata.__func__.7
                0x0000000010008308        0x9 CMakeFiles/MM-FI.dir/home/cebron/pico-sdk/lib/tinyusb/src/portable/raspberrypi/rp2040/dcd_rp2040.c.obj
 *fill*         0x0000000010008311        0x3 
 .rodata.str1.4
                0x0000000010008314       0xd8 CMakeFiles/MM-FI.dir/home/cebron/pico-sdk/lib/tinyusb/src/portable/raspberrypi/rp2040/rp2040_usb.c.obj
 .rodata.hw_endpoint_xfer_start.str1.4
                0x00000000100083ec       0x38 CMakeFiles/MM-FI.dir/home/cebron/pico-sdk/lib/tinyusb/src/portable/raspberrypi/rp2040/rp2040_usb.c.obj
 .rodata.__func__.0
                0x0000000010008424        0xf CMakeFiles/MM-FI.dir/home/cebron/pico-sdk/lib/tinyusb/src/portable/raspberrypi/rp2040/rp2040_usb.c.obj
 *fill*         0x0000000010008433        0x1 
 .rodata.configuration_reset.str1.4
                0x0000000010008434       0x17 CMakeFiles/MM-FI.dir/home/cebron/pico-sdk/lib/tinyusb/src/device/usbd.c.obj
 *fill*         0x000000001000844b        0x1 
 .rodata.process_get_descriptor
                0x000000001000844c       0x40 CMakeFiles/MM-FI.dir/home/cebron/pico-sdk/lib/tinyusb/src/device/usbd.c.obj
 .rodata        0x000000001000848c       0x1c CMakeFiles/MM-FI.dir/home/cebron/pico-sdk/lib/tinyusb/src/device/usbd.c.obj
 .rodata.process_control_request
                0x00000000100084a8       0x28 CMakeFiles/MM-FI.dir/home/cebron/pico-sdk/lib/tinyusb/src/device/usbd.c.obj
 .rodata.tud_task_ext
                0x00000000100084d0       0x24 CMakeFiles/MM-FI.dir/home/cebron/pico-sdk/lib/tinyusb/src/device/usbd.c.obj
 .rodata.__func__.10
                0x00000000100084f4       0x18 CMakeFiles/MM-FI.dir/home/cebron/pico-sdk/lib/tinyusb/src/device/usbd.c.obj
 .rodata.__func__.11
                0x000000001000850c       0x14 CMakeFiles/MM-FI.dir/home/cebron/pico-sdk/lib/tinyusb/src/device/usbd.c.obj
 .rodata.__func__.12
                0x0000000010008520        0xd CMakeFiles/MM-FI.dir/home/cebron/pico-sdk/lib/tinyusb/src/device/usbd.c.obj
 *fill*         0x000000001000852d        0x3 
 .rodata.__func__.13
                0x0000000010008530        0x9 CMakeFiles/MM-FI.dir/home/cebron/pico-sdk/lib/tinyusb/src/device/usbd.c.obj
 *fill*         0x0000000010008539        0x3 
 .rodata.__func__.4
                0x000000001000853c        0xf CMakeFiles/MM-FI.dir/home/cebron/pico-sdk/lib/tinyusb/src/device/usbd.c.obj
 *fill*         0x000000001000854b        0x1 
 .rodata.__func__.5
                0x000000001000854c        0xf CMakeFiles/MM-FI.dir/home/cebron/pico-sdk/lib/tinyusb/src/device/usbd.c.obj
 *fill*         0x000000001000855b        0x1 
 .rodata.__func__.6
                0x000000001000855c       0x14 CMakeFiles/MM-FI.dir/home/cebron/pico-sdk/lib/tinyusb/src/device/usbd.c.obj
 .rodata.__func__.7
                0x0000000010008570        0xc CMakeFiles/MM-FI.dir/home/cebron/pico-sdk/lib/tinyusb/src/device/usbd.c.obj
 .rodata.__func__.8
                0x000000001000857c       0x17 CMakeFiles/MM-FI.dir/home/cebron/pico-sdk/lib/tinyusb/src/device/usbd.c.obj
 *fill*         0x0000000010008593        0x1 
 .rodata.__func__.9
                0x0000000010008594       0x13 CMakeFiles/MM-FI.dir/home/cebron/pico-sdk/lib/tinyusb/src/device/usbd.c.obj
 *fill*         0x00000000100085a7        0x1 
 .rodata._usbd_driver
                0x00000000100085a8       0x40 CMakeFiles/MM-FI.dir/home/cebron/pico-sdk/lib/tinyusb/src/device/usbd.c.obj
 .rodata.tud_control_xfer.str1.4
                0x00000000100085e8       0x17 CMakeFiles/MM-FI.dir/home/cebron/pico-sdk/lib/tinyusb/src/device/usbd_control.c.obj
 .rodata.__func__.0
                0x00000000100085e8       0x15 CMakeFiles/MM-FI.dir/home/cebron/pico-sdk/lib/tinyusb/src/device/usbd_control.c.obj
 *fill*         0x00000000100085fd        0x3 
 .rodata.__func__.1
                0x0000000010008600       0x11 CMakeFiles/MM-FI.dir/home/cebron/pico-sdk/lib/tinyusb/src/device/usbd_control.c.obj
 .rodata.tud_cdc_n_write_flush.str1.4
                0x0000000010008611       0x17 CMakeFiles/MM-FI.dir/home/cebron/pico-sdk/lib/tinyusb/src/class/cdc/cdc_device.c.obj
 *fill*         0x0000000010008611        0x3 
 .rodata.__func__.0
                0x0000000010008614        0xd CMakeFiles/MM-FI.dir/home/cebron/pico-sdk/lib/tinyusb/src/class/cdc/cdc_device.c.obj
 *fill*         0x0000000010008621        0x3 
 .rodata.__func__.1
                0x0000000010008624        0xa CMakeFiles/MM-FI.dir/home/cebron/pico-sdk/lib/tinyusb/src/class/cdc/cdc_device.c.obj
 *fill*         0x000000001000862e        0x2 
 .rodata.__func__.3
                0x0000000010008630       0x16 CMakeFiles/MM-FI.dir/home/cebron/pico-sdk/lib/tinyusb/src/class/cdc/cdc_device.c.obj
 .rodata.tud_vendor_n_write_flush.str1.4
                0x0000000010008646       0x17 CMakeFiles/MM-FI.dir/home/cebron/pico-sdk/lib/tinyusb/src/class/vendor/vendor_device.c.obj
 *fill*         0x0000000010008646        0x2 
 .rodata.__func__.0
                0x0000000010008648        0xd CMakeFiles/MM-FI.dir/home/cebron/pico-sdk/lib/tinyusb/src/class/vendor/vendor_device.c.obj
 *fill*         0x0000000010008655        0x3 
 .rodata.__func__.2